Component: ARM Compiler 5.06 update 6 (build 750) Tool: armlink [4d35ed]

==============================================================================

Section Cross References

    stm32f4xx_adc.o(i.ADC_DeInit) refers to stm32f4xx_rcc.o(i.RCC_APB2PeriphResetCmd) for RCC_APB2PeriphResetCmd
    stm32f4xx_can.o(i.CAN_DeInit) refers to stm32f4xx_rcc.o(i.RCC_APB1PeriphResetCmd) for RCC_APB1PeriphResetCmd
    stm32f4xx_cryp.o(i.CRYP_DeInit) refers to stm32f4xx_rcc.o(i.RCC_AHB2PeriphResetCmd) for RCC_AHB2PeriphResetCmd
    stm32f4xx_cryp_aes.o(i.CRYP_AES_CBC) refers to stm32f4xx_cryp.o(i.CRYP_KeyStructInit) for CRYP_KeyStructInit
    stm32f4xx_cryp_aes.o(i.CRYP_AES_CBC) refers to stm32f4xx_cryp.o(i.CRYP_KeyInit) for CRYP_KeyInit
    stm32f4xx_cryp_aes.o(i.CRYP_AES_CBC) refers to stm32f4xx_cryp.o(i.CRYP_Init) for CRYP_Init
    stm32f4xx_cryp_aes.o(i.CRYP_AES_CBC) refers to stm32f4xx_cryp.o(i.CRYP_IVInit) for CRYP_IVInit
    stm32f4xx_cryp_aes.o(i.CRYP_AES_CBC) refers to stm32f4xx_cryp.o(i.CRYP_FIFOFlush) for CRYP_FIFOFlush
    stm32f4xx_cryp_aes.o(i.CRYP_AES_CBC) refers to stm32f4xx_cryp.o(i.CRYP_Cmd) for CRYP_Cmd
    stm32f4xx_cryp_aes.o(i.CRYP_AES_CBC) refers to stm32f4xx_cryp.o(i.CRYP_GetCmdStatus) for CRYP_GetCmdStatus
    stm32f4xx_cryp_aes.o(i.CRYP_AES_CBC) refers to stm32f4xx_cryp.o(i.CRYP_GetFlagStatus) for CRYP_GetFlagStatus
    stm32f4xx_cryp_aes.o(i.CRYP_AES_CBC) refers to stm32f4xx_cryp.o(i.CRYP_DataIn) for CRYP_DataIn
    stm32f4xx_cryp_aes.o(i.CRYP_AES_CBC) refers to stm32f4xx_cryp.o(i.CRYP_DataOut) for CRYP_DataOut
    stm32f4xx_cryp_aes.o(i.CRYP_AES_CCM) refers to stm32f4xx_cryp.o(i.CRYP_KeyStructInit) for CRYP_KeyStructInit
    stm32f4xx_cryp_aes.o(i.CRYP_AES_CCM) refers to stm32f4xx_cryp.o(i.CRYP_FIFOFlush) for CRYP_FIFOFlush
    stm32f4xx_cryp_aes.o(i.CRYP_AES_CCM) refers to stm32f4xx_cryp.o(i.CRYP_KeyInit) for CRYP_KeyInit
    stm32f4xx_cryp_aes.o(i.CRYP_AES_CCM) refers to stm32f4xx_cryp.o(i.CRYP_IVInit) for CRYP_IVInit
    stm32f4xx_cryp_aes.o(i.CRYP_AES_CCM) refers to stm32f4xx_cryp.o(i.CRYP_Init) for CRYP_Init
    stm32f4xx_cryp_aes.o(i.CRYP_AES_CCM) refers to stm32f4xx_cryp.o(i.CRYP_PhaseConfig) for CRYP_PhaseConfig
    stm32f4xx_cryp_aes.o(i.CRYP_AES_CCM) refers to stm32f4xx_cryp.o(i.CRYP_DataIn) for CRYP_DataIn
    stm32f4xx_cryp_aes.o(i.CRYP_AES_CCM) refers to stm32f4xx_cryp.o(i.CRYP_Cmd) for CRYP_Cmd
    stm32f4xx_cryp_aes.o(i.CRYP_AES_CCM) refers to stm32f4xx_cryp.o(i.CRYP_GetCmdStatus) for CRYP_GetCmdStatus
    stm32f4xx_cryp_aes.o(i.CRYP_AES_CCM) refers to stm32f4xx_cryp.o(i.CRYP_GetFlagStatus) for CRYP_GetFlagStatus
    stm32f4xx_cryp_aes.o(i.CRYP_AES_CCM) refers to stm32f4xx_cryp.o(i.CRYP_DataOut) for CRYP_DataOut
    stm32f4xx_cryp_aes.o(i.CRYP_AES_CTR) refers to stm32f4xx_cryp.o(i.CRYP_KeyStructInit) for CRYP_KeyStructInit
    stm32f4xx_cryp_aes.o(i.CRYP_AES_CTR) refers to stm32f4xx_cryp.o(i.CRYP_KeyInit) for CRYP_KeyInit
    stm32f4xx_cryp_aes.o(i.CRYP_AES_CTR) refers to stm32f4xx_cryp.o(i.CRYP_Init) for CRYP_Init
    stm32f4xx_cryp_aes.o(i.CRYP_AES_CTR) refers to stm32f4xx_cryp.o(i.CRYP_IVInit) for CRYP_IVInit
    stm32f4xx_cryp_aes.o(i.CRYP_AES_CTR) refers to stm32f4xx_cryp.o(i.CRYP_FIFOFlush) for CRYP_FIFOFlush
    stm32f4xx_cryp_aes.o(i.CRYP_AES_CTR) refers to stm32f4xx_cryp.o(i.CRYP_Cmd) for CRYP_Cmd
    stm32f4xx_cryp_aes.o(i.CRYP_AES_CTR) refers to stm32f4xx_cryp.o(i.CRYP_GetCmdStatus) for CRYP_GetCmdStatus
    stm32f4xx_cryp_aes.o(i.CRYP_AES_CTR) refers to stm32f4xx_cryp.o(i.CRYP_DataIn) for CRYP_DataIn
    stm32f4xx_cryp_aes.o(i.CRYP_AES_CTR) refers to stm32f4xx_cryp.o(i.CRYP_GetFlagStatus) for CRYP_GetFlagStatus
    stm32f4xx_cryp_aes.o(i.CRYP_AES_CTR) refers to stm32f4xx_cryp.o(i.CRYP_DataOut) for CRYP_DataOut
    stm32f4xx_cryp_aes.o(i.CRYP_AES_ECB) refers to stm32f4xx_cryp.o(i.CRYP_KeyStructInit) for CRYP_KeyStructInit
    stm32f4xx_cryp_aes.o(i.CRYP_AES_ECB) refers to stm32f4xx_cryp.o(i.CRYP_KeyInit) for CRYP_KeyInit
    stm32f4xx_cryp_aes.o(i.CRYP_AES_ECB) refers to stm32f4xx_cryp.o(i.CRYP_Init) for CRYP_Init
    stm32f4xx_cryp_aes.o(i.CRYP_AES_ECB) refers to stm32f4xx_cryp.o(i.CRYP_FIFOFlush) for CRYP_FIFOFlush
    stm32f4xx_cryp_aes.o(i.CRYP_AES_ECB) refers to stm32f4xx_cryp.o(i.CRYP_Cmd) for CRYP_Cmd
    stm32f4xx_cryp_aes.o(i.CRYP_AES_ECB) refers to stm32f4xx_cryp.o(i.CRYP_GetCmdStatus) for CRYP_GetCmdStatus
    stm32f4xx_cryp_aes.o(i.CRYP_AES_ECB) refers to stm32f4xx_cryp.o(i.CRYP_GetFlagStatus) for CRYP_GetFlagStatus
    stm32f4xx_cryp_aes.o(i.CRYP_AES_ECB) refers to stm32f4xx_cryp.o(i.CRYP_DataIn) for CRYP_DataIn
    stm32f4xx_cryp_aes.o(i.CRYP_AES_ECB) refers to stm32f4xx_cryp.o(i.CRYP_DataOut) for CRYP_DataOut
    stm32f4xx_cryp_aes.o(i.CRYP_AES_GCM) refers to stm32f4xx_cryp.o(i.CRYP_KeyStructInit) for CRYP_KeyStructInit
    stm32f4xx_cryp_aes.o(i.CRYP_AES_GCM) refers to stm32f4xx_cryp.o(i.CRYP_FIFOFlush) for CRYP_FIFOFlush
    stm32f4xx_cryp_aes.o(i.CRYP_AES_GCM) refers to stm32f4xx_cryp.o(i.CRYP_KeyInit) for CRYP_KeyInit
[...]
    ../fplib/microlib/fpepilogue.c           0x00000000   Number         0  depilogue.o ABSOLUTE
    ../fplib/microlib/fpfix.c                0x00000000   Number         0  dfixul.o ABSOLUTE
    ../fplib/microlib/fpmul.c                0x00000000   Number         0  dmul.o ABSOLUTE
    ../fplib/microlib/fpsqrt.c               0x00000000   Number         0  dsqrt.o ABSOLUTE
    ../mathlib/acosf.c                       0x00000000   Number         0  acosf.o ABSOLUTE
    ../mathlib/acosf.c                       0x00000000   Number         0  acosf_x.o ABSOLUTE
    ../mathlib/asinf.c                       0x00000000   Number         0  asinf.o ABSOLUTE
    ../mathlib/asinf.c                       0x00000000   Number         0  asinf_x.o ABSOLUTE
    ../mathlib/atan2f.c                      0x00000000   Number         0  atan2f.o ABSOLUTE
    ../mathlib/atan2f.c                      0x00000000   Number         0  atan2f_x.o ABSOLUTE
    ../mathlib/atanf.c                       0x00000000   Number         0  atanf_x.o ABSOLUTE
    ../mathlib/atanf.c                       0x00000000   Number         0  atanf.o ABSOLUTE
    ../mathlib/fpclassifyf.c                 0x00000000   Number         0  fpclassifyf.o ABSOLUTE
    ../mathlib/funder.c                      0x00000000   Number         0  funder.o ABSOLUTE
    ../mathlib/sqrt.c                        0x00000000   Number         0  sqrt.o ABSOLUTE
    ../mathlib/sqrt.c                        0x00000000   Number         0  sqrt_x.o ABSOLUTE
    ../mathlib/sqrtf.c                       0x00000000   Number         0  sqrtf_x.o ABSOLUTE
    ../mathlib/sqrtf.c                       0x00000000   Number         0  sqrtf.o ABSOLUTE
    ..\FastMathFunctions\arm_cos_f32.c       0x00000000   Number         0  arm_cos_f32.o ABSOLUTE
    ..\FastMathFunctions\arm_cos_q15.c       0x00000000   Number         0  arm_cos_q15.o ABSOLUTE
    ..\FastMathFunctions\arm_sin_f32.c       0x00000000   Number         0  arm_sin_f32.o ABSOLUTE
    ..\FastMathFunctions\arm_sin_q15.c       0x00000000   Number         0  arm_sin_q15.o ABSOLUTE
    ..\\FastMathFunctions\\arm_cos_f32.c     0x00000000   Number         0  arm_cos_f32.o ABSOLUTE
    ..\\FastMathFunctions\\arm_cos_q15.c     0x00000000   Number         0  arm_cos_q15.o ABSOLUTE
    ..\\FastMathFunctions\\arm_sin_f32.c     0x00000000   Number         0  arm_sin_f32.o ABSOLUTE
    ..\\FastMathFunctions\\arm_sin_q15.c     0x00000000   Number         0  arm_sin_q15.o ABSOLUTE
    cdcmple.s                                0x00000000   Number         0  cdcmple.o ABSOLUTE
    cdrcmple.s                               0x00000000   Number         0  cdrcmple.o ABSOLUTE
    core\\approx_math.c                      0x00000000   Number         0  approx_math.o ABSOLUTE
    core\\encoder.c                          0x00000000   Number         0  encoder.o ABSOLUTE
    core\\gpio.c                             0x00000000   Number         0  gpio.o ABSOLUTE
    core\\ticks.c                            0x00000000   Number         0  ticks.o ABSOLUTE
    core\\trigon_math.c                      0x00000000   Number         0  trigon_math.o ABSOLUTE
    core\\uart.c                             0x00000000   Number         0  uart.o ABSOLUTE
    core\approx_math.c                       0x00000000   Number         0  approx_math.o ABSOLUTE
    core\encoder.c                           0x00000000   Number         0  encoder.o ABSOLUTE
    core\gpio.c                              0x00000000   Number         0  gpio.o ABSOLUTE
    core\ticks.c                             0x00000000   Number         0  ticks.o ABSOLUTE
    core\trigon_math.c                       0x00000000   Number         0  trigon_math.o ABSOLUTE
    core\uart.c                              0x00000000   Number         0  uart.o ABSOLUTE
    dc.s                                     0x00000000   Number         0  dc.o ABSOLUTE
    ext\\buzzer.c                            0x00000000   Number         0  buzzer.o ABSOLUTE
    ext\\icm20602.c                          0x00000000   Number         0  icm20602.o ABSOLUTE
    ext\\led.c                               0x00000000   Number         0  led.o ABSOLUTE
    ext\\positioning.c                       0x00000000   Number         0  positioning.o ABSOLUTE
    ext\buzzer.c                             0x00000000   Number         0  buzzer.o ABSOLUTE
    ext\icm20602.c                           0x00000000   Number         0  icm20602.o ABSOLUTE
    ext\led.c                                0x00000000   Number         0  led.o ABSOLUTE
    ext\positioning.c                        0x00000000   Number         0  positioning.o ABSOLUTE
    handlers.s                               0x00000000   Number         0  handlers.o ABSOLUTE
    init.s                                   0x00000000   Number         0  init.o ABSOLUTE
    sys\Device\ST\STM32F4xx\Source\Templates\arm\startup_stm32f40_41xxx.s 0x00000000   Number         0  startup_stm32f40_41xxx.o ABSOLUTE
    sys\Libraries\STM32F4xx_StdPeriph_Driver\src\misc.c 0x00000000   Number         0  misc.o ABSOLUTE
    sys\Libraries\STM32F4xx_StdPeriph_Driver\src\stm32f4xx_adc.c 0x00000000   Number         0  stm32f4xx_adc.o ABSOLUTE
    sys\Libraries\STM32F4xx_StdPeriph_Driver\src\stm32f4xx_can.c 0x00000000   Number         0  stm32f4xx_can.o ABSOLUTE
    sys\Libraries\STM32F4xx_StdPeriph_Driver\src\stm32f4xx_cec.c 0x00000000   Number         0  stm32f4xx_cec.o ABSOLUTE
    sys\Libraries\STM32F4xx_StdPeriph_Driver\src\stm32f4xx_crc.c 0x00000000   Number         0  stm32f4xx_crc.o ABSOLUTE
    sys\Libraries\STM32F4xx_StdPeriph_Driver\src\stm32f4xx_cryp.c 0x00000000   Number         0  stm32f4xx_cryp.o ABSOLUTE
    sys\Libraries\STM32F4xx_StdPeriph_Driver\src\stm32f4xx_cryp_aes.c 0x00000000   Number         0  stm32f4xx_cryp_aes.o ABSOLUTE
    sys\Libraries\STM32F4xx_StdPeriph_Driver\src\stm32f4xx_cryp_des.c 0x00000000   Number         0  stm32f4xx_cryp_des.o ABSOLUTE
    sys\Libraries\STM32F4xx_StdPeriph_Driver\src\stm32f4xx_cryp_tdes.c 0x00000000   Number         0  stm32f4xx_cryp_tdes.o ABSOLUTE
    sys\Libraries\STM32F4xx_StdPeriph_Driver\src\stm32f4xx_dac.c 0x00000000   Number         0  stm32f4xx_dac.o ABSOLUTE
    sys\Libraries\STM32F4xx_StdPeriph_Driver\src\stm32f4xx_dbgmcu.c 0x00000000   Number         0  stm32f4xx_dbgmcu.o ABSOLUTE
    sys\Libraries\STM32F4xx_StdPeriph_Driver\src\stm32f4xx_dcmi.c 0x00000000   Number         0  stm32f4xx_dcmi.o ABSOLUTE
    sys\Libraries\STM32F4xx_StdPeriph_Driver\src\stm32f4xx_dma.c 0x00000000   Number         0  stm32f4xx_dma.o ABSOLUTE
    sys\Libraries\STM32F4xx_StdPeriph_Driver\src\stm32f4xx_dma2d.c 0x00000000   Number         0  stm32f4xx_dma2d.o ABSOLUTE
    sys\Libraries\STM32F4xx_StdPeriph_Driver\src\stm32f4xx_dsi.c 0x00000000   Number         0  stm32f4xx_dsi.o ABSOLUTE
    sys\Libraries\STM32F4xx_StdPeriph_Driver\src\stm32f4xx_exti.c 0x00000000   Number         0  stm32f4xx_exti.o ABSOLUTE
    sys\Libraries\STM32F4xx_StdPeriph_Driver\src\stm32f4xx_flash.c 0x00000000   Number         0  stm32f4xx_flash.o ABSOLUTE
    sys\Libraries\STM32F4xx_StdPeriph_Driver\src\stm32f4xx_flash_ramfunc.c 0x00000000   Number         0  stm32f4xx_flash_ramfunc.o ABSOLUTE
    sys\Libraries\STM32F4xx_StdPeriph_Driver\src\stm32f4xx_fmpi2c.c 0x00000000   Number         0  stm32f4xx_fmpi2c.o ABSOLUTE
    sys\Libraries\STM32F4xx_StdPeriph_Driver\src\stm32f4xx_fsmc.c 0x00000000   Number         0  stm32f4xx_fsmc.o ABSOLUTE
    sys\Libraries\STM32F4xx_StdPeriph_Driver\src\stm32f4xx_gpio.c 0x00000000   Number         0  stm32f4xx_gpio.o ABSOLUTE
    sys\Libraries\STM32F4xx_StdPeriph_Driver\src\stm32f4xx_hash.c 0x00000000   Number         0  stm32f4xx_hash.o ABSOLUTE
    sys\Libraries\STM32F4xx_StdPeriph_Driver\src\stm32f4xx_hash_md5.c 0x00000000   Number         0  stm32f4xx_hash_md5.o ABSOLUTE
    sys\Libraries\STM32F4xx_StdPeriph_Driver\src\stm32f4xx_hash_sha1.c 0x00000000   Number         0  stm32f4xx_hash_sha1.o ABSOLUTE
    sys\Libraries\STM32F4xx_StdPeriph_Driver\src\stm32f4xx_i2c.c 0x00000000   Number         0  stm32f4xx_i2c.o ABSOLUTE
    sys\Libraries\STM32F4xx_StdPeriph_Driver\src\stm32f4xx_iwdg.c 0x00000000   Number         0  stm32f4xx_iwdg.o ABSOLUTE
    sys\Libraries\STM32F4xx_StdPeriph_Driver\src\stm32f4xx_lptim.c 0x00000000   Number         0  stm32f4xx_lptim.o ABSOLUTE
    sys\Libraries\STM32F4xx_StdPeriph_Driver\src\stm32f4xx_ltdc.c 0x00000000   Number         0  stm32f4xx_ltdc.o ABSOLUTE
    sys\Libraries\STM32F4xx_StdPeriph_Driver\src\stm32f4xx_pwr.c 0x00000000   Number         0  stm32f4xx_pwr.o ABSOLUTE
    sys\Libraries\STM32F4xx_StdPeriph_Driver\src\stm32f4xx_qspi.c 0x00000000   Number         0  stm32f4xx_qspi.o ABSOLUTE
    sys\Libraries\STM32F4xx_StdPeriph_Driver\src\stm32f4xx_rcc.c 0x00000000   Number         0  stm32f4xx_rcc.o ABSOLUTE
    sys\Libraries\STM32F4xx_StdPeriph_Driver\src\stm32f4xx_rng.c 0x00000000   Number         0  stm32f4xx_rng.o ABSOLUTE
    sys\Libraries\STM32F4xx_StdPeriph_Driver\src\stm32f4xx_rtc.c 0x00000000   Number         0  stm32f4xx_rtc.o ABSOLUTE
    sys\Libraries\STM32F4xx_StdPeriph_Driver\src\stm32f4xx_sai.c 0x00000000   Number         0  stm32f4xx_sai.o ABSOLUTE
    sys\Libraries\STM32F4xx_StdPeriph_Driver\src\stm32f4xx_sdio.c 0x00000000   Number         0  stm32f4xx_sdio.o ABSOLUTE
    sys\Libraries\STM32F4xx_StdPeriph_Driver\src\stm32f4xx_spdifrx.c 0x00000000   Number         0  stm32f4xx_spdifrx.o ABSOLUTE
    sys\Libraries\STM32F4xx_StdPeriph_Driver\src\stm32f4xx_spi.c 0x00000000   Number         0  stm32f4xx_spi.o ABSOLUTE
    sys\Libraries\STM32F4xx_StdPeriph_Driver\src\stm32f4xx_syscfg.c 0x00000000   Number         0  stm32f4xx_syscfg.o ABSOLUTE
    sys\Libraries\STM32F4xx_StdPeriph_Driver\src\stm32f4xx_tim.c 0x00000000   Number         0  stm32f4xx_tim.o ABSOLUTE
    sys\Libraries\STM32F4xx_StdPeriph_Driver\src\stm32f4xx_usart.c 0x00000000   Number         0  stm32f4xx_usart.o ABSOLUTE
    sys\Libraries\STM32F4xx_StdPeriph_Driver\src\stm32f4xx_wwdg.c 0x00000000   Number         0  stm32f4xx_wwdg.o ABSOLUTE
    sys\\Libraries\\STM32F4xx_StdPeriph_Driver\\src\\misc.c 0x00000000   Number         0  misc.o ABSOLUTE
    sys\\Libraries\\STM32F4xx_StdPeriph_Driver\\src\\stm32f4xx_adc.c 0x00000000   Number         0  stm32f4xx_adc.o ABSOLUTE
    sys\\Libraries\\STM32F4xx_StdPeriph_Driver\\src\\stm32f4xx_can.c 0x00000000   Number         0  stm32f4xx_can.o ABSOLUTE
    sys\\Libraries\\STM32F4xx_StdPeriph_Driver\\src\\stm32f4xx_cec.c 0x00000000   Number         0  stm32f4xx_cec.o ABSOLUTE
    sys\\Libraries\\STM32F4xx_StdPeriph_Driver\\src\\stm32f4xx_crc.c 0x00000000   Number         0  stm32f4xx_crc.o ABSOLUTE
    sys\\Libraries\\STM32F4xx_StdPeriph_Driver\\src\\stm32f4xx_cryp.c 0x00000000   Number         0  stm32f4xx_cryp.o ABSOLUTE
    sys\\Libraries\\STM32F4xx_StdPeriph_Driver\\src\\stm32f4xx_cryp_aes.c 0x00000000   Number         0  stm32f4xx_cryp_aes.o ABSOLUTE
    sys\\Libraries\\STM32F4xx_StdPeriph_Driver\\src\\stm32f4xx_cryp_des.c 0x00000000   Number         0  stm32f4xx_cryp_des.o ABSOLUTE
    sys\\Libraries\\STM32F4xx_StdPeriph_Driver\\src\\stm32f4xx_cryp_tdes.c 0x00000000   Number         0  stm32f4xx_cryp_tdes.o ABSOLUTE
    sys\\Libraries\\STM32F4xx_StdPeriph_Driver\\src\\stm32f4xx_dac.c 0x00000000   Number         0  stm32f4xx_dac.o ABSOLUTE
    sys\\Libraries\\STM32F4xx_StdPeriph_Driver\\src\\stm32f4xx_dbgmcu.c 0x00000000   Number         0  stm32f4xx_dbgmcu.o ABSOLUTE
    sys\\Libraries\\STM32F4xx_StdPeriph_Driver\\src\\stm32f4xx_dcmi.c 0x00000000   Number         0  stm32f4xx_dcmi.o ABSOLUTE
    sys\\Libraries\\STM32F4xx_StdPeriph_Driver\\src\\stm32f4xx_dma.c 0x00000000   Number         0  stm32f4xx_dma.o ABSOLUTE
    sys\\Libraries\\STM32F4xx_StdPeriph_Driver\\src\\stm32f4xx_dma2d.c 0x00000000   Number         0  stm32f4xx_dma2d.o ABSOLUTE
    sys\\Libraries\\STM32F4xx_StdPeriph_Driver\\src\\stm32f4xx_dsi.c 0x00000000   Number         0  stm32f4xx_dsi.o ABSOLUTE
    sys\\Libraries\\STM32F4xx_StdPeriph_Driver\\src\\stm32f4xx_exti.c 0x00000000   Number         0  stm32f4xx_exti.o ABSOLUTE
    sys\\Libraries\\STM32F4xx_StdPeriph_Driver\\src\\stm32f4xx_flash.c 0x00000000   Number         0  stm32f4xx_flash.o ABSOLUTE
    sys\\Libraries\\STM32F4xx_StdPeriph_Driver\\src\\stm32f4xx_flash_ramfunc.c 0x00000000   Number         0  stm32f4xx_flash_ramfunc.o ABSOLUTE
    sys\\Libraries\\STM32F4xx_StdPeriph_Driver\\src\\stm32f4xx_fmpi2c.c 0x00000000   Number         0  stm32f4xx_fmpi2c.o ABSOLUTE
    sys\\Libraries\\STM32F4xx_StdPeriph_Driver\\src\\stm32f4xx_fsmc.c 0x00000000   Number         0  stm32f4xx_fsmc.o ABSOLUTE
    sys\\Libraries\\STM32F4xx_StdPeriph_Driver\\src\\stm32f4xx_gpio.c 0x00000000   Number         0  stm32f4xx_gpio.o ABSOLUTE
    sys\\Libraries\\STM32F4xx_StdPeriph_Driver\\src\\stm32f4xx_hash.c 0x00000000   Number         0  stm32f4xx_hash.o ABSOLUTE
    sys\\Libraries\\STM32F4xx_StdPeriph_Driver\\src\\stm32f4xx_hash_md5.c 0x00000000   Number         0  stm32f4xx_hash_md5.o ABSOLUTE
    sys\\Libraries\\STM32F4xx_StdPeriph_Driver\\src\\stm32f4xx_hash_sha1.c 0x00000000   Number         0  stm32f4xx_hash_sha1.o ABSOLUTE
    sys\\Libraries\\STM32F4xx_StdPeriph_Driver\\src\\stm32f4xx_i2c.c 0x00000000   Number         0  stm32f4xx_i2c.o ABSOLUTE
    sys\\Libraries\\STM32F4xx_StdPeriph_Driver\\src\\stm32f4xx_iwdg.c 0x00000000   Number         0  stm32f4xx_iwdg.o ABSOLUTE
    sys\\Libraries\\STM32F4xx_StdPeriph_Driver\\src\\stm32f4xx_lptim.c 0x00000000   Number         0  stm32f4xx_lptim.o ABSOLUTE
    sys\\Libraries\\STM32F4xx_StdPeriph_Driver\\src\\stm32f4xx_ltdc.c 0x00000000   Number         0  stm32f4xx_ltdc.o ABSOLUTE
    sys\\Libraries\\STM32F4xx_StdPeriph_Driver\\src\\stm32f4xx_pwr.c 0x00000000   Number         0  stm32f4xx_pwr.o ABSOLUTE
    sys\\Libraries\\STM32F4xx_StdPeriph_Driver\\src\\stm32f4xx_qspi.c 0x00000000   Number         0  stm32f4xx_qspi.o ABSOLUTE
    sys\\Libraries\\STM32F4xx_StdPeriph_Driver\\src\\stm32f4xx_rcc.c 0x00000000   Number         0  stm32f4xx_rcc.o ABSOLUTE
    sys\\Libraries\\STM32F4xx_StdPeriph_Driver\\src\\stm32f4xx_rng.c 0x00000000   Number         0  stm32f4xx_rng.o ABSOLUTE
    sys\\Libraries\\STM32F4xx_StdPeriph_Driver\\src\\stm32f4xx_rtc.c 0x00000000   Number         0  stm32f4xx_rtc.o ABSOLUTE
    sys\\Libraries\\STM32F4xx_StdPeriph_Driver\\src\\stm32f4xx_sai.c 0x00000000   Number         0  stm32f4xx_sai.o ABSOLUTE
    sys\\Libraries\\STM32F4xx_StdPeriph_Driver\\src\\stm32f4xx_sdio.c 0x00000000   Number         0  stm32f4xx_sdio.o ABSOLUTE
    sys\\Libraries\\STM32F4xx_StdPeriph_Driver\\src\\stm32f4xx_spdifrx.c 0x00000000   Number         0  stm32f4xx_spdifrx.o ABSOLUTE
    sys\\Libraries\\STM32F4xx_StdPeriph_Driver\\src\\stm32f4xx_spi.c 0x00000000   Number         0  stm32f4xx_spi.o ABSOLUTE
    sys\\Libraries\\STM32F4xx_StdPeriph_Driver\\src\\stm32f4xx_syscfg.c 0x00000000   Number         0  stm32f4xx_syscfg.o ABSOLUTE
    sys\\Libraries\\STM32F4xx_StdPeriph_Driver\\src\\stm32f4xx_tim.c 0x00000000   Number         0  stm32f4xx_tim.o ABSOLUTE
    sys\\Libraries\\STM32F4xx_StdPeriph_Driver\\src\\stm32f4xx_usart.c 0x00000000   Number         0  stm32f4xx_usart.o ABSOLUTE
    sys\\Libraries\\STM32F4xx_StdPeriph_Driver\\src\\stm32f4xx_wwdg.c 0x00000000   Number         0  stm32f4xx_wwdg.o ABSOLUTE
    sys\\stm32f4xx_it.c                      0x00000000   Number         0  stm32f4xx_it.o ABSOLUTE
    sys\\system_stm32f4xx.c                  0x00000000   Number         0  system_stm32f4xx.o ABSOLUTE
    sys\stm32f4xx_it.c                       0x00000000   Number         0  stm32f4xx_it.o ABSOLUTE
    sys\system_stm32f4xx.c                   0x00000000   Number         0  system_stm32f4xx.o ABSOLUTE
    user\\main.c                             0x00000000   Number         0  main.o ABSOLUTE
    user\main.c                              0x00000000   Number         0  main.o ABSOLUTE
    RESET                                    0x08000000   Section      392  startup_stm32f40_41xxx.o(RESET)
    .ARM.Collect$$$$00000000                 0x08000188   Section        0  entry.o(.ARM.Collect$$$$00000000)
    .ARM.Collect$$$$00000001                 0x08000188   Section        4  entry2.o(.ARM.Collect$$$$00000001)
    .ARM.Collect$$$$00000004                 0x0800018c   Section        4  entry5.o(.ARM.Collect$$$$00000004)
    .ARM.Collect$$$$00000008                 0x08000190   Section        0  entry7b.o(.ARM.Collect$$$$00000008)
    .ARM.Collect$$$$0000000A                 0x08000190   Section        0  entry8b.o(.ARM.Collect$$$$0000000A)
    .ARM.Collect$$$$0000000B                 0x08000190   Section        8  entry9a.o(.ARM.Collect$$$$0000000B)
    .ARM.Collect$$$$0000000D                 0x08000198   Section        0  entry10a.o(.ARM.Collect$$$$0000000D)
    .ARM.Collect$$$$0000000F                 0x08000198   Section        0  entry11a.o(.ARM.Collect$$$$0000000F)
    .ARM.Collect$$$$00002712                 0x08000198   Section        4  entry2.o(.ARM.Collect$$$$00002712)
    __lit__00000000                          0x08000198   Data           4  entry2.o(.ARM.Collect$$$$00002712)
    .text                                    0x0800019c   Section       36  startup_stm32f40_41xxx.o(.text)
    $v0                                      0x0800019c   Number         0  startup_stm32f40_41xxx.o(.text)
    .text                                    0x080001c0   Section        0  arm_cos_f32.o(.text)
    .text                                    0x08000298   Section        0  arm_sin_f32.o(.text)
    .text                                    0x08000370   Section        0  uldiv.o(.text)
    .text                                    0x080003d2   Section        0  dadd.o(.text)
    .text                                    0x08000520   Section        0  dmul.o(.text)
    .text                                    0x08000604   Section        0  f2d.o(.text)
    .text                                    0x0800062a   Section        0  uidiv.o(.text)
    .text                                    0x08000656   Section        0  llshl.o(.text)
    .text                                    0x08000674   Section        0  llushr.o(.text)
    .text                                    0x08000694   Section        0  llsshr.o(.text)
    .text                                    0x080006b8   Section        0  depilogue.o(.text)
    .text                                    0x080006b8   Section        0  iusefp.o(.text)
    .text                                    0x08000772   Section        0  ddiv.o(.text)
    .text                                    0x08000850   Section        0  dfixul.o(.text)
    .text                                    0x08000880   Section       48  cdrcmple.o(.text)
    .text                                    0x080008b0   Section       36  init.o(.text)
    .text                                    0x080008d4   Section        0  __dczerorl2.o(.text)
    i.BusFault_Handler                       0x0800092a   Section        0  stm32f4xx_it.o(i.BusFault_Handler)
    i.DebugMon_Handler                       0x0800092c   Section        0  stm32f4xx_it.o(i.DebugMon_Handler)
    i.GPIO_Init                              0x0800092e   Section        0  stm32f4xx_gpio.o(i.GPIO_Init)
    i.GPIO_PinAFConfig                       0x080009cc   Section        0  stm32f4xx_gpio.o(i.GPIO_PinAFConfig)
    i.GPIO_ReadOutputDataBit                 0x080009ee   Section        0  stm32f4xx_gpio.o(i.GPIO_ReadOutputDataBit)
    i.GPIO_ResetBits                         0x080009fc   Section        0  stm32f4xx_gpio.o(i.GPIO_ResetBits)
    i.GPIO_SetBits                           0x08000a00   Section        0  stm32f4xx_gpio.o(i.GPIO_SetBits)
    i.GPIO_StructInit                        0x08000a04   Section        0  stm32f4xx_gpio.o(i.GPIO_StructInit)
    i.GPIO_WriteBit                          0x08000a16   Section        0  stm32f4xx_gpio.o(i.GPIO_WriteBit)
    i.HardFault_Handler                      0x08000a20   Section        0  stm32f4xx_it.o(i.HardFault_Handler)
    i.MemManage_Handler                      0x08000a22   Section        0  stm32f4xx_it.o(i.MemManage_Handler)
    i.NMI_Handler                            0x08000a24   Section        0  stm32f4xx_it.o(i.NMI_Handler)
    i.NVIC_Init                              0x08000a28   Section        0  misc.o(i.NVIC_Init)
    i.PendSV_Handler                         0x08000a9c   Section        0  stm32f4xx_it.o(i.PendSV_Handler)
    i.RCC_AHB1PeriphClockCmd                 0x08000aa0   Section        0  stm32f4xx_rcc.o(i.RCC_AHB1PeriphClockCmd)
    i.RCC_APB1PeriphClockCmd                 0x08000ab8   Section        0  stm32f4xx_rcc.o(i.RCC_APB1PeriphClockCmd)
    i.RCC_APB1PeriphClockLPModeCmd           0x08000ad0   Section        0  stm32f4xx_rcc.o(i.RCC_APB1PeriphClockLPModeCmd)
    i.RCC_APB1PeriphResetCmd                 0x08000ae8   Section        0  stm32f4xx_rcc.o(i.RCC_APB1PeriphResetCmd)
    i.RCC_APB2PeriphClockCmd                 0x08000b00   Section        0  stm32f4xx_rcc.o(i.RCC_APB2PeriphClockCmd)
    i.RCC_APB2PeriphResetCmd                 0x08000b18   Section        0  stm32f4xx_rcc.o(i.RCC_APB2PeriphResetCmd)
    i.RCC_GetClocksFreq                      0x08000b30   Section        0  stm32f4xx_rcc.o(i.RCC_GetClocksFreq)
    i.SPI_CalculateCRC                       0x08000bd0   Section        0  stm32f4xx_spi.o(i.SPI_CalculateCRC)
    i.SPI_Cmd                                0x08000be2   Section        0  stm32f4xx_spi.o(i.SPI_Cmd)
    i.SPI_I2S_GetFlagStatus                  0x08000bf4   Section        0  stm32f4xx_spi.o(i.SPI_I2S_GetFlagStatus)
    i.SPI_I2S_ReceiveData                    0x08000c02   Section        0  stm32f4xx_spi.o(i.SPI_I2S_ReceiveData)
    i.SPI_I2S_SendData                       0x08000c06   Section        0  stm32f4xx_spi.o(i.SPI_I2S_SendData)
    i.SPI_Init                               0x08000c0a   Section        0  stm32f4xx_spi.o(i.SPI_Init)
    i.SPI_SSOutputCmd                        0x08000c5e   Section        0  stm32f4xx_spi.o(i.SPI_SSOutputCmd)
    i.SVC_Handler                            0x08000c70   Section        0  stm32f4xx_it.o(i.SVC_Handler)
    i.SysTick_Handler                        0x08000c72   Section        0  stm32f4xx_it.o(i.SysTick_Handler)
    i.SystemCoreClockUpdate                  0x08000c74   Section        0  system_stm32f4xx.o(i.SystemCoreClockUpdate)
    i.SystemInit                             0x08000cf8   Section        0  system_stm32f4xx.o(i.SystemInit)
    i.TIM3_IRQHandler                        0x08000e3c   Section        0  encoder.o(i.TIM3_IRQHandler)
    i.TIM4_IRQHandler                        0x08000e78   Section        0  ticks.o(i.TIM4_IRQHandler)
    i.TIM7_IRQHandler                        0x08000ea8   Section        0  icm20602.o(i.TIM7_IRQHandler)
    i.TIM_ClearITPendingBit                  0x080010ac   Section        0  stm32f4xx_tim.o(i.TIM_ClearITPendingBit)
    i.TIM_Cmd                                0x080010b2   Section        0  stm32f4xx_tim.o(i.TIM_Cmd)
    i.TIM_DeInit                             0x080010c4   Section        0  stm32f4xx_tim.o(i.TIM_DeInit)
    i.TIM_EncoderInterfaceConfig             0x08001278   Section        0  stm32f4xx_tim.o(i.TIM_EncoderInterfaceConfig)
    i.TIM_GetITStatus                        0x080012b4   Section        0  stm32f4xx_tim.o(i.TIM_GetITStatus)
    i.TIM_ITConfig                           0x080012ca   Section        0  stm32f4xx_tim.o(i.TIM_ITConfig)
    i.TIM_TimeBaseInit                       0x080012dc   Section        0  stm32f4xx_tim.o(i.TIM_TimeBaseInit)
    i.UART4_IRQHandler                       0x0800135c   Section        0  uart.o(i.UART4_IRQHandler)
    i.UART5_IRQHandler                       0x080013c0   Section        0  uart.o(i.UART5_IRQHandler)
    i.USART1_IRQHandler                      0x08001420   Section        0  uart.o(i.USART1_IRQHandler)
    i.USART2_IRQHandler                      0x08001480   Section        0  uart.o(i.USART2_IRQHandler)
    i.USART3_IRQHandler                      0x080014e4   Section        0  uart.o(i.USART3_IRQHandler)
    i.USART6_IRQHandler                      0x08001548   Section        0  uart.o(i.USART6_IRQHandler)
    i.USART_ClearITPendingBit                0x080015ac   Section        0  stm32f4xx_usart.o(i.USART_ClearITPendingBit)
    i.USART_Cmd                              0x080015ba   Section        0  stm32f4xx_usart.o(i.USART_Cmd)
    i.USART_GetFlagStatus                    0x080015cc   Section        0  stm32f4xx_usart.o(i.USART_GetFlagStatus)
    i.USART_GetITStatus                      0x080015da   Section        0  stm32f4xx_usart.o(i.USART_GetITStatus)
    i.USART_ITConfig                         0x0800161c   Section        0  stm32f4xx_usart.o(i.USART_ITConfig)
    i.USART_Init                             0x0800164c   Section        0  stm32f4xx_usart.o(i.USART_Init)
    i.USART_ReceiveData                      0x08001704   Section        0  stm32f4xx_usart.o(i.USART_ReceiveData)
    i.UsageFault_Handler                     0x0800170c   Section        0  stm32f4xx_it.o(i.UsageFault_Handler)
    i.__0vsprintf                            0x08001710   Section        0  printfa.o(i.__0vsprintf)
    i.__ARM_fpclassifyf                      0x08001734   Section        0  fpclassifyf.o(i.__ARM_fpclassifyf)
    i.__hardfp_asinf                         0x0800175c   Section        0  asinf.o(i.__hardfp_asinf)
    i.__hardfp_atan2f                        0x08001888   Section        0  atan2f.o(i.__hardfp_atan2f)
    i.__mathlib_flt_infnan                   0x08001ad8   Section        0  funder.o(i.__mathlib_flt_infnan)
    i.__mathlib_flt_infnan2                  0x08001ade   Section        0  funder.o(i.__mathlib_flt_infnan2)
    i.__mathlib_flt_invalid                  0x08001ae4   Section        0  funder.o(i.__mathlib_flt_invalid)
    i.__mathlib_flt_underflow                0x08001af4   Section        0  funder.o(i.__mathlib_flt_underflow)
    i.__scatterload_copy                     0x08001b04   Section       14  handlers.o(i.__scatterload_copy)
    i.__scatterload_null                     0x08001b12   Section        2  handlers.o(i.__scatterload_null)
    i.__scatterload_zeroinit                 0x08001b14   Section       14  handlers.o(i.__scatterload_zeroinit)
    i.__set_errno                            0x08001b24   Section        0  errno.o(i.__set_errno)
    i._delay_ms                              0x08001b30   Section        0  ticks.o(i._delay_ms)
    i._fp_digits                             0x08001b4c   Section        0  printfa.o(i._fp_digits)
    _fp_digits                               0x08001b4d   Thumb Code   366  printfa.o(i._fp_digits)
    i._printf_core                           0x08001cd0   Section        0  printfa.o(i._printf_core)
    _printf_core                             0x08001cd1   Thumb Code  1744  printfa.o(i._printf_core)
    i._printf_post_padding                   0x080023ac   Section        0  printfa.o(i._printf_post_padding)
    _printf_post_padding                     0x080023ad   Thumb Code    36  printfa.o(i._printf_post_padding)
    i._printf_pre_padding                    0x080023d0   Section        0  printfa.o(i._printf_pre_padding)
    _printf_pre_padding                      0x080023d1   Thumb Code    46  printfa.o(i._printf_pre_padding)
    i._sputc                                 0x080023fe   Section        0  printfa.o(i._sputc)
    _sputc                                   0x080023ff   Thumb Code    10  printfa.o(i._sputc)
    i.encoder_Init                           0x08002408   Section        0  encoder.o(i.encoder_Init)
    i.encoder_accumulation_Init              0x08002480   Section        0  encoder.o(i.encoder_accumulation_Init)
    i.getGyro                                0x080024a4   Section        0  icm20602.o(i.getGyro)
    i.getPinSource                           0x080024b0   Section        0  gpio.o(i.getPinSource)
    i.getRawEncX                             0x08002548   Section        0  encoder.o(i.getRawEncX)
    i.getRawEncY                             0x08002554   Section        0  encoder.o(i.getRawEncY)
    i.get_gyro_from_quat                     0x08002560   Section        0  icm20602.o(i.get_gyro_from_quat)
    i.gpio_af_init                           0x08002634   Section        0  gpio.o(i.gpio_af_init)
    i.gpio_output_init                       0x0800267e   Section        0  gpio.o(i.gpio_output_init)
    i.gpio_rcc_init                          0x080026b4   Section        0  gpio.o(i.gpio_rcc_init)
    i.gpio_rcc_init_all                      0x08002728   Section        0  gpio.o(i.gpio_rcc_init_all)
    i.gpio_toggle                            0x08002766   Section        0  gpio.o(i.gpio_toggle)
    i.icm20602ReadRegister                   0x08002788   Section        0  icm20602.o(i.icm20602ReadRegister)
    i.icm20602WriteRegister                  0x08002834   Section        0  icm20602.o(i.icm20602WriteRegister)
    i.icm20602_config                        0x080028b8   Section        0  icm20602.o(i.icm20602_config)
    i.icm20602_gyro_update                   0x08002950   Section        0  icm20602.o(i.icm20602_gyro_update)
    i.icm20602_init                          0x080029e8   Section        0  icm20602.o(i.icm20602_init)
    i.icm20602_read_gyro_raw                 0x08002b24   Section        0  icm20602.o(i.icm20602_read_gyro_raw)
    i.imu_filter_reset                       0x08002ba8   Section        0  icm20602.o(i.imu_filter_reset)
    i.led_blink                              0x08002c18   Section        0  led.o(i.led_blink)
    i.led_init                               0x08002c28   Section        0  led.o(i.led_init)
    i.madgwick_filter_update                 0x08002c50   Section        0  icm20602.o(i.madgwick_filter_update)
    i.main                                   0x08002e64   Section        0  main.o(i.main)
    i.position_uart_init                     0x08002ee0   Section        0  positioning.o(i.position_uart_init)
    i.position_update                        0x08002eec   Section        0  positioning.o(i.position_update)
    i.reset_IMU                              0x080030c0   Section        0  icm20602.o(i.reset_IMU)
    i.sqrtf                                  0x080030f0   Section        0  sqrtf.o(i.sqrtf)
    i.ticks_init                             0x08003130   Section        0  ticks.o(i.ticks_init)
    i.uart_init                              0x080031a0   Section        0  uart.o(i.uart_init)
    i.uart_tx_blocking                       0x08003260   Section        0  uart.o(i.uart_tx_blocking)
    i.uart_tx_dequeue                        0x080032bc   Section        0  uart.o(i.uart_tx_dequeue)
    uart_tx_dequeue                          0x080032bd   Thumb Code   112  uart.o(i.uart_tx_dequeue)
    .constdata                               0x08003334   Section       40  encoder.o(.constdata)
    ENCPorts                                 0x08003334   Data          40  encoder.o(.constdata)
    .constdata                               0x0800335c   Section        8  gpio.o(.constdata)
    .constdata                               0x08003364   Section        8  gpio.o(.constdata)
    .constdata                               0x0800336c   Section        8  gpio.o(.constdata)
    .constdata                               0x08003374   Section        8  gpio.o(.constdata)
    .constdata                               0x0800337c   Section        8  gpio.o(.constdata)
    .constdata                               0x08003384   Section        8  gpio.o(.constdata)
    .constdata                               0x0800338c   Section        8  gpio.o(.constdata)
    .constdata                               0x08003394   Section        8  gpio.o(.constdata)
    .constdata                               0x0800339c   Section        8  gpio.o(.constdata)
    .constdata                               0x080033a4   Section        8  gpio.o(.constdata)
    .constdata                               0x080033ac   Section        8  gpio.o(.constdata)
    .constdata                               0x080033b4   Section        8  gpio.o(.constdata)
    .constdata                               0x080033bc   Section        8  gpio.o(.constdata)
    .constdata                               0x080033c4   Section        8  gpio.o(.constdata)
    .constdata                               0x080033cc   Section        8  gpio.o(.constdata)
    .constdata                               0x080033d4   Section        8  gpio.o(.constdata)
    .constdata                               0x080033dc   Section      120  uart.o(.constdata)
    UARTPorts                                0x080033dc   Data         120  uart.o(.constdata)
    .constdata                               0x08003454   Section       16  icm20602.o(.constdata)
    .constdata                               0x08003464   Section     1040  arm_cos_f32.o(.constdata)
    cosTable                                 0x08003464   Data        1040  arm_cos_f32.o(.constdata)
    .constdata                               0x08003874   Section     1036  arm_sin_f32.o(.constdata)
    sinTable                                 0x08003874   Data        1036  arm_sin_f32.o(.constdata)
    .data                                    0x20000000   Section       16  stm32f4xx_rcc.o(.data)
    APBAHBPrescTable                         0x20000000   Data          16  stm32f4xx_rcc.o(.data)
    .data                                    0x20000010   Section       24  system_stm32f4xx.o(.data)
    .data                                    0x20000028   Section       16  main.o(.data)
    last_uart_send_ticks                     0x2000002c   Data           4  main.o(.data)
    last_uart_ticks                          0x20000030   Data           4  main.o(.data)
    last_led_ticks                           0x20000034   Data           4  main.o(.data)
    .data                                    0x20000038   Section       16  encoder.o(.data)
    RawX                                     0x20000038   Data           4  encoder.o(.data)
    RawY                                     0x2000003c   Data           4  encoder.o(.data)
    xEncoderReading                          0x20000040   Data           4  encoder.o(.data)
    yEncoderReading                          0x20000044   Data           4  encoder.o(.data)
    .data                                    0x20000048   Section        4  ticks.o(.data)
    .data                                    0x2000004c   Section       72  uart.o(.data)
    tx_queue                                 0x2000004c   Data          48  uart.o(.data)
    tx_buf_max_size                          0x2000007c   Data          24  uart.o(.data)
    .data                                    0x20000094   Section        8  led.o(.data)
    LEDs                                     0x20000094   Data           8  led.o(.data)
    .data                                    0x2000009c   Section      160  icm20602.o(.data)
    beta1                                    0x20000128   Data           4  icm20602.o(.data)
    zeta                                     0x2000012c   Data           4  icm20602.o(.data)
    rawGyro                                  0x20000130   Data           6  icm20602.o(.data)
    rawAcc                                   0x20000136   Data           6  icm20602.o(.data)
    .data                                    0x2000013c   Section       84  positioning.o(.data)
    .data                                    0x20000190   Section        4  errno.o(.data)
    _errno                                   0x20000190   Data           4  errno.o(.data)
    .bss                                     0x20000194   Section       64  uart.o(.bss)
    tx_buf_item_1                            0x20000194   Data          64  uart.o(.bss)
    .bss                                     0x200001d4   Section      768  uart.o(.bss)
    tx_buf_item_2                            0x200001d4   Data         768  uart.o(.bss)
    .bss                                     0x200004d4   Section       64  uart.o(.bss)
    tx_buf_item_3                            0x200004d4   Data          64  uart.o(.bss)
    .bss                                     0x20000514   Section       64  uart.o(.bss)
    tx_buf_item_4                            0x20000514   Data          64  uart.o(.bss)
    .bss                                     0x20000554   Section       64  uart.o(.bss)
    tx_buf_item_5                            0x20000554   Data          64  uart.o(.bss)
    .bss                                     0x20000594   Section       64  uart.o(.bss)
    tx_buf_item_6                            0x20000594   Data          64  uart.o(.bss)
    .bss                                     0x200005d4   Section       24  uart.o(.bss)
    rxListeners                              0x200005d4   Data          24  uart.o(.bss)
    .bss                                     0x200005ec   Section       56  icm20602.o(.bss)
    STACK                                    0x20000628   Section     2048  startup_stm32f40_41xxx.o(STACK)

    Global Symbols

    Symbol Name                              Value     Ov Type        Size  Object(Section)

    BuildAttributes$$THM_ISAv4$E$P$D$K$B$S$7EM$VFPi3$EXTD16$VFPS$VFMA$PE$A:L22UL41UL21$X:L11$S22US41US21$IEEE1$IW$USESV6$~STKCKD$USESV7$~SHL$OTIME$ROPI$IEEEX$EBA8$MICROLIB$REQ8$PRES8$EABIv2 0x00000000   Number         0  anon$$obj.o ABSOLUTE
    __ARM_use_no_argv                        0x00000000   Number         0  main.o ABSOLUTE
    __cpp_initialize__aeabi_                  - Undefined Weak Reference
    __cxa_finalize                            - Undefined Weak Reference
    _clock_init                               - Undefined Weak Reference
    _microlib_exit                            - Undefined Weak Reference
    __Vectors_Size                           0x00000188   Number         0  startup_stm32f40_41xxx.o ABSOLUTE
    __Vectors                                0x08000000   Data           4  startup_stm32f40_41xxx.o(RESET)
    __Vectors_End                            0x08000188   Data           0  startup_stm32f40_41xxx.o(RESET)
    __main                                   0x08000189   Thumb Code     0  entry.o(.ARM.Collect$$$$00000000)
    _main_stk                                0x08000189   Thumb Code     0  entry2.o(.ARM.Collect$$$$00000001)
    _main_scatterload                        0x0800018d   Thumb Code     0  entry5.o(.ARM.Collect$$$$00000004)
    __main_after_scatterload                 0x08000191   Thumb Code     0  entry5.o(.ARM.Collect$$$$00000004)
    _main_clock                              0x08000191   Thumb Code     0  entry7b.o(.ARM.Collect$$$$00000008)
    _main_cpp_init                           0x08000191   Thumb Code     0  entry8b.o(.ARM.Collect$$$$0000000A)
    _main_init                               0x08000191   Thumb Code     0  entry9a.o(.ARM.Collect$$$$0000000B)
    __rt_final_cpp                           0x08000199   Thumb Code     0  entry10a.o(.ARM.Collect$$$$0000000D)
    __rt_final_exit                          0x08000199   Thumb Code     0  entry11a.o(.ARM.Collect$$$$0000000F)
    Reset_Handler                            0x0800019d   Thumb Code     8  startup_stm32f40_41xxx.o(.text)
    ADC_IRQHandler                           0x080001b7   Thumb Code     0  startup_stm32f40_41xxx.o(.text)
    CAN1_RX0_IRQHandler                      0x080001b7   Thumb Code     0  startup_stm32f40_41xxx.o(.text)
    CAN1_RX1_IRQHandler                      0x080001b7   Thumb Code     0  startup_stm32f40_41xxx.o(.text)
    CAN1_SCE_IRQHandler                      0x080001b7   Thumb Code     0  startup_stm32f40_41xxx.o(.text)
    CAN1_TX_IRQHandler                       0x080001b7   Thumb Code     0  startup_stm32f40_41xxx.o(.text)
    CAN2_RX0_IRQHandler                      0x080001b7   Thumb Code     0  startup_stm32f40_41xxx.o(.text)
    CAN2_RX1_IRQHandler                      0x080001b7   Thumb Code     0  startup_stm32f40_41xxx.o(.text)
    CAN2_SCE_IRQHandler                      0x080001b7   Thumb Code     0  startup_stm32f40_41xxx.o(.text)
    CAN2_TX_IRQHandler                       0x080001b7   Thumb Code     0  startup_stm32f40_41xxx.o(.text)
    CRYP_IRQHandler                          0x080001b7   Thumb Code     0  startup_stm32f40_41xxx.o(.text)
    DCMI_IRQHandler                          0x080001b7   Thumb Code     0  startup_stm32f40_41xxx.o(.text)
    DMA1_Stream0_IRQHandler                  0x080001b7   Thumb Code     0  startup_stm32f40_41xxx.o(.text)
    DMA1_Stream1_IRQHandler                  0x080001b7   Thumb Code     0  startup_stm32f40_41xxx.o(.text)
    DMA1_Stream2_IRQHandler                  0x080001b7   Thumb Code     0  startup_stm32f40_41xxx.o(.text)
    DMA1_Stream3_IRQHandler                  0x080001b7   Thumb Code     0  startup_stm32f40_41xxx.o(.text)
    DMA1_Stream4_IRQHandler                  0x080001b7   Thumb Code     0  startup_stm32f40_41xxx.o(.text)
    DMA1_Stream5_IRQHandler                  0x080001b7   Thumb Code     0  startup_stm32f40_41xxx.o(.text)
    DMA1_Stream6_IRQHandler                  0x080001b7   Thumb Code     0  startup_stm32f40_41xxx.o(.text)
    DMA1_Stream7_IRQHandler                  0x080001b7   Thumb Code     0  startup_stm32f40_41xxx.o(.text)
    DMA2_Stream0_IRQHandler                  0x080001b7   Thumb Code     0  startup_stm32f40_41xxx.o(.text)
    DMA2_Stream1_IRQHandler                  0x080001b7   Thumb Code     0  startup_stm32f40_41xxx.o(.text)
    DMA2_Stream2_IRQHandler                  0x080001b7   Thumb Code     0  startup_stm32f40_41xxx.o(.text)
    DMA2_Stream3_IRQHandler                  0x080001b7   Thumb Code     0  startup_stm32f40_41xxx.o(.text)
    DMA2_Stream4_IRQHandler                  0x080001b7   Thumb Code     0  startup_stm32f40_41xxx.o(.text)
    DMA2_Stream5_IRQHandler                  0x080001b7   Thumb Code     0  startup_stm32f40_41xxx.o(.text)
    DMA2_Stream6_IRQHandler                  0x080001b7   Thumb Code     0  startup_stm32f40_41xxx.o(.text)
    DMA2_Stream7_IRQHandler                  0x080001b7   Thumb Code     0  startup_stm32f40_41xxx.o(.text)
    ETH_IRQHandler                           0x080001b7   Thumb Code     0  startup_stm32f40_41xxx.o(.text)
    ETH_WKUP_IRQHandler                      0x080001b7   Thumb Code     0  startup_stm32f40_41xxx.o(.text)
    EXTI0_IRQHandler                         0x080001b7   Thumb Code     0  startup_stm32f40_41xxx.o(.text)
    EXTI15_10_IRQHandler                     0x080001b7   Thumb Code     0  startup_stm32f40_41xxx.o(.text)
    EXTI1_IRQHandler                         0x080001b7   Thumb Code     0  startup_stm32f40_41xxx.o(.text)
    EXTI2_IRQHandler                         0x080001b7   Thumb Code     0  startup_stm32f40_41xxx.o(.text)
    EXTI3_IRQHandler                         0x080001b7   Thumb Code     0  startup_stm32f40_41xxx.o(.text)
    EXTI4_IRQHandler                         0x080001b7   Thumb Code     0  startup_stm32f40_41xxx.o(.text)
    EXTI9_5_IRQHandler                       0x080001b7   Thumb Code     0  startup_stm32f40_41xxx.o(.text)
    FLASH_IRQHandler                         0x080001b7   Thumb Code     0  startup_stm32f40_41xxx.o(.text)
    FPU_IRQHandler                           0x080001b7   Thumb Code     0  startup_stm32f40_41xxx.o(.text)
    FSMC_IRQHandler                          0x080001b7   Thumb Code     0  startup_stm32f40_41xxx.o(.text)
    HASH_RNG_IRQHandler                      0x080001b7   Thumb Code     0  startup_stm32f40_41xxx.o(.text)
    I2C1_ER_IRQHandler                       0x080001b7   Thumb Code     0  startup_stm32f40_41xxx.o(.text)
    I2C1_EV_IRQHandler                       0x080001b7   Thumb Code     0  startup_stm32f40_41xxx.o(.text)
    I2C2_ER_IRQHandler                       0x080001b7   Thumb Code     0  startup_stm32f40_41xxx.o(.text)
    I2C2_EV_IRQHandler                       0x080001b7   Thumb Code     0  startup_stm32f40_41xxx.o(.text)
    I2C3_ER_IRQHandler                       0x080001b7   Thumb Code     0  startup_stm32f40_41xxx.o(.text)
    I2C3_EV_IRQHandler                       0x080001b7   Thumb Code     0  startup_stm32f40_41xxx.o(.text)
    OTG_FS_IRQHandler                        0x080001b7   Thumb Code     0  startup_stm32f40_41xxx.o(.text)
    OTG_FS_WKUP_IRQHandler                   0x080001b7   Thumb Code     0  startup_stm32f40_41xxx.o(.text)
    OTG_HS_EP1_IN_IRQHandler                 0x080001b7   Thumb Code     0  startup_stm32f40_41xxx.o(.text)
    OTG_HS_EP1_OUT_IRQHandler                0x080001b7   Thumb Code     0  startup_stm32f40_41xxx.o(.text)
    OTG_HS_IRQHandler                        0x080001b7   Thumb Code     0  startup_stm32f40_41xxx.o(.text)
    OTG_HS_WKUP_IRQHandler                   0x080001b7   Thumb Code     0  startup_stm32f40_41xxx.o(.text)
    PVD_IRQHandler                           0x080001b7   Thumb Code     0  startup_stm32f40_41xxx.o(.text)
    RCC_IRQHandler                           0x080001b7   Thumb Code     0  startup_stm32f40_41xxx.o(.text)
    RTC_Alarm_IRQHandler                     0x080001b7   Thumb Code     0  startup_stm32f40_41xxx.o(.text)
    RTC_WKUP_IRQHandler                      0x080001b7   Thumb Code     0  startup_stm32f40_41xxx.o(.text)
    SDIO_IRQHandler                          0x080001b7   Thumb Code     0  startup_stm32f40_41xxx.o(.text)
    SPI1_IRQHandler                          0x080001b7   Thumb Code     0  startup_stm32f40_41xxx.o(.text)
    SPI2_IRQHandler                          0x080001b7   Thumb Code     0  startup_stm32f40_41xxx.o(.text)
    SPI3_IRQHandler                          0x080001b7   Thumb Code     0  startup_stm32f40_41xxx.o(.text)
    TAMP_STAMP_IRQHandler                    0x080001b7   Thumb Code     0  startup_stm32f40_41xxx.o(.text)
    TIM1_BRK_TIM9_IRQHandler                 0x080001b7   Thumb Code     0  startup_stm32f40_41xxx.o(.text)
    TIM1_CC_IRQHandler                       0x080001b7   Thumb Code     0  startup_stm32f40_41xxx.o(.text)
    TIM1_TRG_COM_TIM11_IRQHandler            0x080001b7   Thumb Code     0  startup_stm32f40_41xxx.o(.text)
    TIM1_UP_TIM10_IRQHandler                 0x080001b7   Thumb Code     0  startup_stm32f40_41xxx.o(.text)
    TIM2_IRQHandler                          0x080001b7   Thumb Code     0  startup_stm32f40_41xxx.o(.text)
    TIM5_IRQHandler                          0x080001b7   Thumb Code     0  startup_stm32f40_41xxx.o(.text)
    TIM6_DAC_IRQHandler                      0x080001b7   Thumb Code     0  startup_stm32f40_41xxx.o(.text)
    TIM8_BRK_TIM12_IRQHandler                0x080001b7   Thumb Code     0  startup_stm32f40_41xxx.o(.text)
    TIM8_CC_IRQHandler                       0x080001b7   Thumb Code     0  startup_stm32f40_41xxx.o(.text)
    TIM8_TRG_COM_TIM14_IRQHandler            0x080001b7   Thumb Code     0  startup_stm32f40_41xxx.o(.text)
    TIM8_UP_TIM13_IRQHandler                 0x080001b7   Thumb Code     0  startup_stm32f40_41xxx.o(.text)
    WWDG_IRQHandler                          0x080001b7   Thumb Code     0  startup_stm32f40_41xxx.o(.text)
    arm_cos_f32                              0x080001c1   Thumb Code   194  arm_cos_f32.o(.text)
    arm_sin_f32                              0x08000299   Thumb Code   194  arm_sin_f32.o(.text)
    __aeabi_uldivmod                         0x08000371   Thumb Code    98  uldiv.o(.text)
    __aeabi_dadd                             0x080003d3   Thumb Code   322  dadd.o(.text)
    __aeabi_dsub                             0x08000515   Thumb Code     6  dadd.o(.text)
    __aeabi_drsub                            0x0800051b   Thumb Code     6  dadd.o(.text)
    __aeabi_dmul                             0x08000521   Thumb Code   228  dmul.o(.text)
    __aeabi_f2d                              0x08000605   Thumb Code    38  f2d.o(.text)
    __aeabi_uidiv                            0x0800062b   Thumb Code     0  uidiv.o(.text)
    __aeabi_uidivmod                         0x0800062b   Thumb Code    44  uidiv.o(.text)
    __aeabi_llsl                             0x08000657   Thumb Code    30  llshl.o(.text)
    _ll_shift_l                              0x08000657   Thumb Code     0  llshl.o(.text)
    __aeabi_llsr                             0x08000675   Thumb Code    32  llushr.o(.text)
    _ll_ushift_r                             0x08000675   Thumb Code     0  llushr.o(.text)
    __aeabi_lasr                             0x08000695   Thumb Code    36  llsshr.o(.text)
    _ll_sshift_r                             0x08000695   Thumb Code     0  llsshr.o(.text)
    __I$use$fp                               0x080006b9   Thumb Code     0  iusefp.o(.text)
    _double_round                            0x080006b9   Thumb Code    30  depilogue.o(.text)
    _double_epilogue                         0x080006d7   Thumb Code   156  depilogue.o(.text)
    __aeabi_ddiv                             0x08000773   Thumb Code   222  ddiv.o(.text)
    __aeabi_d2ulz                            0x08000851   Thumb Code    48  dfixul.o(.text)
    __aeabi_cdrcmple                         0x08000881   Thumb Code    48  cdrcmple.o(.text)
    __scatterload                            0x080008b1   Thumb Code    28  init.o(.text)
    __scatterload_rt2                        0x080008b1   Thumb Code     0  init.o(.text)
    __decompress                             0x080008d5   Thumb Code     0  __dczerorl2.o(.text)
    __decompress1                            0x080008d5   Thumb Code    86  __dczerorl2.o(.text)
    BusFault_Handler                         0x0800092b   Thumb Code     2  stm32f4xx_it.o(i.BusFault_Handler)
    DebugMon_Handler                         0x0800092d   Thumb Code     2  stm32f4xx_it.o(i.DebugMon_Handler)
    GPIO_Init                                0x0800092f   Thumb Code   158  stm32f4xx_gpio.o(i.GPIO_Init)
    GPIO_PinAFConfig                         0x080009cd   Thumb Code    34  stm32f4xx_gpio.o(i.GPIO_PinAFConfig)
    GPIO_ReadOutputDataBit                   0x080009ef   Thumb Code    14  stm32f4xx_gpio.o(i.GPIO_ReadOutputDataBit)
    GPIO_ResetBits                           0x080009fd   Thumb Code     4  stm32f4xx_gpio.o(i.GPIO_ResetBits)
    GPIO_SetBits                             0x08000a01   Thumb Code     4  stm32f4xx_gpio.o(i.GPIO_SetBits)
    GPIO_StructInit                          0x08000a05   Thumb Code    18  stm32f4xx_gpio.o(i.GPIO_StructInit)
    GPIO_WriteBit                            0x08000a17   Thumb Code    10  stm32f4xx_gpio.o(i.GPIO_WriteBit)
    HardFault_Handler                        0x08000a21   Thumb Code     2  stm32f4xx_it.o(i.HardFault_Handler)
    MemManage_Handler                        0x08000a23   Thumb Code     2  stm32f4xx_it.o(i.MemManage_Handler)
    NMI_Handler                              0x08000a25   Thumb Code     2  stm32f4xx_it.o(i.NMI_Handler)
    NVIC_Init                                0x08000a29   Thumb Code   110  misc.o(i.NVIC_Init)
    PendSV_Handler                           0x08000a9d   Thumb Code     2  stm32f4xx_it.o(i.PendSV_Handler)
    RCC_AHB1PeriphClockCmd                   0x08000aa1   Thumb Code    18  stm32f4xx_rcc.o(i.RCC_AHB1PeriphClockCmd)
    RCC_APB1PeriphClockCmd                   0x08000ab9   Thumb Code    18  stm32f4xx_rcc.o(i.RCC_APB1PeriphClockCmd)
    RCC_APB1PeriphClockLPModeCmd             0x08000ad1   Thumb Code    18  stm32f4xx_rcc.o(i.RCC_APB1PeriphClockLPModeCmd)
    RCC_APB1PeriphResetCmd                   0x08000ae9   Thumb Code    18  stm32f4xx_rcc.o(i.RCC_APB1PeriphResetCmd)
    RCC_APB2PeriphClockCmd                   0x08000b01   Thumb Code    18  stm32f4xx_rcc.o(i.RCC_APB2PeriphClockCmd)
    RCC_APB2PeriphResetCmd                   0x08000b19   Thumb Code    18  stm32f4xx_rcc.o(i.RCC_APB2PeriphResetCmd)
    RCC_GetClocksFreq                        0x08000b31   Thumb Code   144  stm32f4xx_rcc.o(i.RCC_GetClocksFreq)
    SPI_CalculateCRC                         0x08000bd1   Thumb Code    18  stm32f4xx_spi.o(i.SPI_CalculateCRC)
    SPI_Cmd                                  0x08000be3   Thumb Code    18  stm32f4xx_spi.o(i.SPI_Cmd)
    SPI_I2S_GetFlagStatus                    0x08000bf5   Thumb Code    14  stm32f4xx_spi.o(i.SPI_I2S_GetFlagStatus)
    SPI_I2S_ReceiveData                      0x08000c03   Thumb Code     4  stm32f4xx_spi.o(i.SPI_I2S_ReceiveData)
    SPI_I2S_SendData                         0x08000c07   Thumb Code     4  stm32f4xx_spi.o(i.SPI_I2S_SendData)
    SPI_Init                                 0x08000c0b   Thumb Code    84  stm32f4xx_spi.o(i.SPI_Init)
    SPI_SSOutputCmd                          0x08000c5f   Thumb Code    18  stm32f4xx_spi.o(i.SPI_SSOutputCmd)
    SVC_Handler                              0x08000c71   Thumb Code     2  stm32f4xx_it.o(i.SVC_Handler)
    SysTick_Handler                          0x08000c73   Thumb Code     2  stm32f4xx_it.o(i.SysTick_Handler)
    SystemCoreClockUpdate                    0x08000c75   Thumb Code   110  system_stm32f4xx.o(i.SystemCoreClockUpdate)
    SystemInit                               0x08000cf9   Thumb Code   280  system_stm32f4xx.o(i.SystemInit)
    TIM3_IRQHandler                          0x08000e3d   Thumb Code    46  encoder.o(i.TIM3_IRQHandler)
    TIM4_IRQHandler                          0x08000e79   Thumb Code    38  ticks.o(i.TIM4_IRQHandler)
    TIM7_IRQHandler                          0x08000ea9   Thumb Code   470  icm20602.o(i.TIM7_IRQHandler)
    TIM_ClearITPendingBit                    0x080010ad   Thumb Code     6  stm32f4xx_tim.o(i.TIM_ClearITPendingBit)
    TIM_Cmd                                  0x080010b3   Thumb Code    18  stm32f4xx_tim.o(i.TIM_Cmd)
    TIM_DeInit                               0x080010c5   Thumb Code   436  stm32f4xx_tim.o(i.TIM_DeInit)
    TIM_EncoderInterfaceConfig               0x08001279   Thumb Code    60  stm32f4xx_tim.o(i.TIM_EncoderInterfaceConfig)
    TIM_GetITStatus                          0x080012b5   Thumb Code    22  stm32f4xx_tim.o(i.TIM_GetITStatus)
    TIM_ITConfig                             0x080012cb   Thumb Code    16  stm32f4xx_tim.o(i.TIM_ITConfig)
    TIM_TimeBaseInit                         0x080012dd   Thumb Code   120  stm32f4xx_tim.o(i.TIM_TimeBaseInit)
    UART4_IRQHandler                         0x0800135d   Thumb Code    88  uart.o(i.UART4_IRQHandler)
    UART5_IRQHandler                         0x080013c1   Thumb Code    86  uart.o(i.UART5_IRQHandler)
    USART1_IRQHandler                        0x08001421   Thumb Code    86  uart.o(i.USART1_IRQHandler)
    USART2_IRQHandler                        0x08001481   Thumb Code    88  uart.o(i.USART2_IRQHandler)
    USART3_IRQHandler                        0x080014e5   Thumb Code    88  uart.o(i.USART3_IRQHandler)
    USART6_IRQHandler                        0x08001549   Thumb Code    88  uart.o(i.USART6_IRQHandler)
    USART_ClearITPendingBit                  0x080015ad   Thumb Code    14  stm32f4xx_usart.o(i.USART_ClearITPendingBit)
    USART_Cmd                                0x080015bb   Thumb Code    18  stm32f4xx_usart.o(i.USART_Cmd)
    USART_GetFlagStatus                      0x080015cd   Thumb Code    14  stm32f4xx_usart.o(i.USART_GetFlagStatus)
    USART_GetITStatus                        0x080015db   Thumb Code    66  stm32f4xx_usart.o(i.USART_GetITStatus)
    USART_ITConfig                           0x0800161d   Thumb Code    48  stm32f4xx_usart.o(i.USART_ITConfig)
    USART_Init                               0x0800164d   Thumb Code   180  stm32f4xx_usart.o(i.USART_Init)
    USART_ReceiveData                        0x08001705   Thumb Code     8  stm32f4xx_usart.o(i.USART_ReceiveData)
    UsageFault_Handler                       0x0800170d   Thumb Code     2  stm32f4xx_it.o(i.UsageFault_Handler)
    __0vsprintf                              0x08001711   Thumb Code    30  printfa.o(i.__0vsprintf)
    __1vsprintf                              0x08001711   Thumb Code     0  printfa.o(i.__0vsprintf)
    __2vsprintf                              0x08001711   Thumb Code     0  printfa.o(i.__0vsprintf)
    __c89vsprintf                            0x08001711   Thumb Code     0  printfa.o(i.__0vsprintf)
    vsprintf                                 0x08001711   Thumb Code     0  printfa.o(i.__0vsprintf)
    __ARM_fpclassifyf                        0x08001735   Thumb Code    38  fpclassifyf.o(i.__ARM_fpclassifyf)
    __hardfp_asinf                           0x0800175d   Thumb Code   258  asinf.o(i.__hardfp_asinf)
    __hardfp_atan2f                          0x08001889   Thumb Code   502  atan2f.o(i.__hardfp_atan2f)
    __mathlib_flt_infnan                     0x08001ad9   Thumb Code     6  funder.o(i.__mathlib_flt_infnan)
    __mathlib_flt_infnan2                    0x08001adf   Thumb Code     6  funder.o(i.__mathlib_flt_infnan2)
    __mathlib_flt_invalid                    0x08001ae5   Thumb Code    10  funder.o(i.__mathlib_flt_invalid)
    __mathlib_flt_underflow                  0x08001af5   Thumb Code    10  funder.o(i.__mathlib_flt_underflow)
    __scatterload_copy                       0x08001b05   Thumb Code    14  handlers.o(i.__scatterload_copy)
    __scatterload_null                       0x08001b13   Thumb Code     2  handlers.o(i.__scatterload_null)
    __scatterload_zeroinit                   0x08001b15   Thumb Code    14  handlers.o(i.__scatterload_zeroinit)
    __set_errno                              0x08001b25   Thumb Code     6  errno.o(i.__set_errno)
    _delay_ms                                0x08001b31   Thumb Code    26  ticks.o(i._delay_ms)
    encoder_Init                             0x08002409   Thumb Code   114  encoder.o(i.encoder_Init)
    encoder_accumulation_Init                0x08002481   Thumb Code    32  encoder.o(i.encoder_accumulation_Init)
    getGyro                                  0x080024a5   Thumb Code     8  icm20602.o(i.getGyro)
    getPinSource                             0x080024b1   Thumb Code   152  gpio.o(i.getPinSource)
    getRawEncX                               0x08002549   Thumb Code     8  encoder.o(i.getRawEncX)
    getRawEncY                               0x08002555   Thumb Code     8  encoder.o(i.getRawEncY)
    get_gyro_from_quat                       0x08002561   Thumb Code   196  icm20602.o(i.get_gyro_from_quat)
    gpio_af_init                             0x08002635   Thumb Code    74  gpio.o(i.gpio_af_init)
    gpio_output_init                         0x0800267f   Thumb Code    52  gpio.o(i.gpio_output_init)
    gpio_rcc_init                            0x080026b5   Thumb Code   112  gpio.o(i.gpio_rcc_init)
    gpio_rcc_init_all                        0x08002729   Thumb Code    62  gpio.o(i.gpio_rcc_init_all)
    gpio_toggle                              0x08002767   Thumb Code    32  gpio.o(i.gpio_toggle)
    icm20602ReadRegister                     0x08002789   Thumb Code   162  icm20602.o(i.icm20602ReadRegister)
    icm20602WriteRegister                    0x08002835   Thumb Code   122  icm20602.o(i.icm20602WriteRegister)
    icm20602_config                          0x080028b9   Thumb Code   152  icm20602.o(i.icm20602_config)
    icm20602_gyro_update                     0x08002951   Thumb Code   130  icm20602.o(i.icm20602_gyro_update)
    icm20602_init                            0x080029e9   Thumb Code   296  icm20602.o(i.icm20602_init)
    icm20602_read_gyro_raw                   0x08002b25   Thumb Code   124  icm20602.o(i.icm20602_read_gyro_raw)
    imu_filter_reset                         0x08002ba9   Thumb Code    86  icm20602.o(i.imu_filter_reset)
    led_blink                                0x08002c19   Thumb Code    10  led.o(i.led_blink)
    led_init                                 0x08002c29   Thumb Code    36  led.o(i.led_init)
    madgwick_filter_update                   0x08002c51   Thumb Code   520  icm20602.o(i.madgwick_filter_update)
    main                                     0x08002e65   Thumb Code   116  main.o(i.main)
    position_uart_init                       0x08002ee1   Thumb Code    10  positioning.o(i.position_uart_init)
    position_update                          0x08002eed   Thumb Code   434  positioning.o(i.position_update)
    reset_IMU                                0x080030c1   Thumb Code    40  icm20602.o(i.reset_IMU)
    sqrtf                                    0x080030f1   Thumb Code    62  sqrtf.o(i.sqrtf)
    ticks_init                               0x08003131   Thumb Code   102  ticks.o(i.ticks_init)
    uart_init                                0x080031a1   Thumb Code   186  uart.o(i.uart_init)
    uart_tx_blocking                         0x08003261   Thumb Code    86  uart.o(i.uart_tx_blocking)
    PA0                                      0x0800335c   Data           8  gpio.o(.constdata)
    PA1                                      0x08003364   Data           8  gpio.o(.constdata)
    PA2                                      0x0800336c   Data           8  gpio.o(.constdata)
    PA3                                      0x08003374   Data           8  gpio.o(.constdata)
    PA8                                      0x0800337c   Data           8  gpio.o(.constdata)
    PA15                                     0x08003384   Data           8  gpio.o(.constdata)
    PB3                                      0x0800338c   Data           8  gpio.o(.constdata)
    PB5                                      0x08003394   Data           8  gpio.o(.constdata)
    PB6                                      0x0800339c   Data           8  gpio.o(.constdata)
    PB7                                      0x080033a4   Data           8  gpio.o(.constdata)
    PB10                                     0x080033ac   Data           8  gpio.o(.constdata)
    PB11                                     0x080033b4   Data           8  gpio.o(.constdata)
    PC12                                     0x080033bc   Data           8  gpio.o(.constdata)
    PD2                                      0x080033c4   Data           8  gpio.o(.constdata)
    PG9                                      0x080033cc   Data           8  gpio.o(.constdata)
    PG14                                     0x080033d4   Data           8  gpio.o(.constdata)
    Region$$Table$$Base                      0x08003c80   Number         0  anon$$obj.o(Region$$Table)
    Region$$Table$$Limit                     0x08003ca0   Number         0  anon$$obj.o(Region$$Table)
    IsClockFucked                            0x20000010   Data           1  system_stm32f4xx.o(.data)
    SystemCoreClock                          0x20000014   Data           4  system_stm32f4xx.o(.data)
    AHBPrescTable                            0x20000018   Data          16  system_stm32f4xx.o(.data)
    tempFlag                                 0x20000028   Data           1  main.o(.data)
    msTicks                                  0x20000048   Data           4  ticks.o(.data)
    setFlag                                  0x2000009c   Data           1  icm20602.o(.data)
    tempcheck                                0x2000009d   Data           1  icm20602.o(.data)
    countt                                   0x2000009e   Data           2  icm20602.o(.data)
    count1                                   0x200000a0   Data           2  icm20602.o(.data)
    count2                                   0x200000a2   Data           2  icm20602.o(.data)
    difCount                                 0x200000a4   Data           2  icm20602.o(.data)
    th                                       0x200000a8   Data           4  icm20602.o(.data)
    xGyroSensitive                           0x200000ac   Data           4  icm20602.o(.data)
    yGyroSensitive                           0x200000b0   Data           4  icm20602.o(.data)
    zGyroSensitive                           0x200000b4   Data           4  icm20602.o(.data)
    imu_ticks                                0x200000b8   Data           4  icm20602.o(.data)
    SEq_1                                    0x200000bc   Data           4  icm20602.o(.data)
    SEq_2                                    0x200000c0   Data           4  icm20602.o(.data)
    SEq_3                                    0x200000c4   Data           4  icm20602.o(.data)
    SEq_4                                    0x200000c8   Data           4  icm20602.o(.data)
    gyroOffset                               0x200000cc   Data           4  icm20602.o(.data)
    lastDif                                  0x200000d0   Data           4  icm20602.o(.data)
    rawGyroX                                 0x200000d4   Data           4  icm20602.o(.data)
    rawGyroY                                 0x200000d8   Data           4  icm20602.o(.data)
    rawGyroZ                                 0x200000dc   Data           4  icm20602.o(.data)
    rawAccX                                  0x200000e0   Data           4  icm20602.o(.data)
    rawAccY                                  0x200000e4   Data           4  icm20602.o(.data)
    rawAccZ                                  0x200000e8   Data           4  icm20602.o(.data)
    gyroX                                    0x200000ec   Data           4  icm20602.o(.data)
    gyroY                                    0x200000f0   Data           4  icm20602.o(.data)
    gyroZ                                    0x200000f4   Data           4  icm20602.o(.data)
    fineGyro                                 0x200000f8   Data           4  icm20602.o(.data)
    recalTimes                               0x200000fc   Data           4  icm20602.o(.data)
    lastFineGyro                             0x20000100   Data           4  icm20602.o(.data)
    recalibrating_count                      0x20000104   Data           4  icm20602.o(.data)
    lastGyro                                 0x20000108   Data           4  icm20602.o(.data)
    dif                                      0x2000010c   Data           4  icm20602.o(.data)
    changeOfDif                              0x20000110   Data           4  icm20602.o(.data)
    fineFineGyro                             0x20000114   Data           4  icm20602.o(.data)
    fianl_gyro                               0x20000118   Data           4  icm20602.o(.data)
    changingFilterOffset                     0x2000011c   Data           4  icm20602.o(.data)
    finalDif                                 0x20000120   Data           4  icm20602.o(.data)
    lastHighpass                             0x20000124   Data           4  icm20602.o(.data)
    outputX                                  0x2000013c   Data           2  positioning.o(.data)
    outputY                                  0x2000013e   Data           2  positioning.o(.data)
    outputA                                  0x20000140   Data           2  positioning.o(.data)
    SHIFT_X                                  0x20000144   Data           4  positioning.o(.data)
    SHIFT_Y                                  0x20000148   Data           4  positioning.o(.data)
    flip_x                                   0x2000014c   Data           4  positioning.o(.data)
    flip_y                                   0x20000150   Data           4  positioning.o(.data)
    xError                                   0x20000154   Data           4  positioning.o(.data)
    yError                                   0x20000158   Data           4  positioning.o(.data)
    changeOfX                                0x2000015c   Data           4  positioning.o(.data)
    changeOfY                                0x20000160   Data           4  positioning.o(.data)
    changeOfA                                0x20000164   Data           4  positioning.o(.data)
    lastEncoderX                             0x20000168   Data           4  positioning.o(.data)
    lastEncoderY                             0x2000016c   Data           4  positioning.o(.data)
    encoderX                                 0x20000170   Data           4  positioning.o(.data)
    encoderY                                 0x20000174   Data           4  positioning.o(.data)
    lastGyroAngle                            0x20000178   Data           4  positioning.o(.data)
    gyroAngle                                0x2000017c   Data           4  positioning.o(.data)
    calX                                     0x20000180   Data           4  positioning.o(.data)
    calY                                     0x20000184   Data           4  positioning.o(.data)
    sinAngle                                 0x20000188   Data           4  positioning.o(.data)
    cosAngle                                 0x2000018c   Data           4  positioning.o(.data)
    gbias                                    0x200005ec   Data          12  icm20602.o(.bss)
    deltaRpy                                 0x200005f8   Data          12  icm20602.o(.bss)
    quaternion                               0x20000604   Data          16  icm20602.o(.bss)
    deltaQuat                                0x20000614   Data          16  icm20602.o(.bss)
    __initial_sp                             0x20000e28   Data           0  startup_stm32f40_41xxx.o(STACK)



==============================================================================

Memory Map of the image

  Image Entry point : 0x08000189

  Load Region LR_IROM1 (Base: 0x08000000, Size: 0x00003e34, Max: 0x00100000, ABSOLUTE, COMPRESSED[0x00003cf8])

    Execution Region ER_IROM1 (Exec base: 0x08000000, Load base: 0x08000000, Size: 0x00003ca0, Max: 0x00100000, ABSOLUTE)

    Exec Addr    Load Addr    Size         Type   Attr      Idx    E Section Name        Object

    0x08000000   0x08000000   0x00000188   Data   RO         5379    RESET               startup_stm32f40_41xxx.o
    0x08000188   0x08000188   0x00000000   Code   RO         6774  * .ARM.Collect$$$$00000000  mc_w.l(entry.o)
    0x08000188   0x08000188   0x00000004   Code   RO         6831    .ARM.Collect$$$$00000001  mc_w.l(entry2.o)
    0x0800018c   0x0800018c   0x00000004   Code   RO         6834    .ARM.Collect$$$$00000004  mc_w.l(entry5.o)
    0x08000190   0x08000190   0x00000000   Code   RO         6836    .ARM.Collect$$$$00000008  mc_w.l(entry7b.o)
    0x08000190   0x08000190   0x00000000   Code   RO         6838    .ARM.Collect$$$$0000000A  mc_w.l(entry8b.o)
    0x08000190   0x08000190   0x00000008   Code   RO         6839    .ARM.Collect$$$$0000000B  mc_w.l(entry9a.o)
    0x08000198   0x08000198   0x00000000   Code   RO         6841    .ARM.Collect$$$$0000000D  mc_w.l(entry10a.o)
    0x08000198   0x08000198   0x00000000   Code   RO         6843    .ARM.Collect$$$$0000000F  mc_w.l(entry11a.o)
    0x08000198   0x08000198   0x00000004   Code   RO         6832    .ARM.Collect$$$$00002712  mc_w.l(entry2.o)
    0x0800019c   0x0800019c   0x00000024   Code   RO         5380    .text               startup_stm32f40_41xxx.o
    0x080001c0   0x080001c0   0x000000d8   Code   RO         6591    .text               arm_cortexM4lf_math.lib(arm_cos_f32.o)
    0x08000298   0x08000298   0x000000d8   Code   RO         6660    .text               arm_cortexM4lf_math.lib(arm_sin_f32.o)
    0x08000370   0x08000370   0x00000062   Code   RO         6777    .text               mc_w.l(uldiv.o)
    0x080003d2   0x080003d2   0x0000014e   Code   RO         6807    .text               mf_w.l(dadd.o)
    0x08000520   0x08000520   0x000000e4   Code   RO         6809    .text               mf_w.l(dmul.o)
    0x08000604   0x08000604   0x00000026   Code   RO         6811    .text               mf_w.l(f2d.o)
    0x0800062a   0x0800062a   0x0000002c   Code   RO         6848    .text               mc_w.l(uidiv.o)
    0x08000656   0x08000656   0x0000001e   Code   RO         6850    .text               mc_w.l(llshl.o)
    0x08000674   0x08000674   0x00000020   Code   RO         6852    .text               mc_w.l(llushr.o)
    0x08000694   0x08000694   0x00000024   Code   RO         6854    .text               mc_w.l(llsshr.o)
    0x080006b8   0x080006b8   0x00000000   Code   RO         6863    .text               mc_w.l(iusefp.o)
    0x080006b8   0x080006b8   0x000000ba   Code   RO         6866    .text               mf_w.l(depilogue.o)
    0x08000772   0x08000772   0x000000de   Code   RO         6868    .text               mf_w.l(ddiv.o)
    0x08000850   0x08000850   0x00000030   Code   RO         6872    .text               mf_w.l(dfixul.o)
    0x08000880   0x08000880   0x00000030   Code   RO         6876    .text               mf_w.l(cdrcmple.o)
    0x080008b0   0x080008b0   0x00000024   Code   RO         6878    .text               mc_w.l(init.o)
    0x080008d4   0x080008d4   0x00000056   Code   RO         6890    .text               mc_w.l(__dczerorl2.o)
    0x0800092a   0x0800092a   0x00000002   Code   RO         5092    i.BusFault_Handler  stm32f4xx_it.o
    0x0800092c   0x0800092c   0x00000002   Code   RO         5093    i.DebugMon_Handler  stm32f4xx_it.o
    0x0800092e   0x0800092e   0x0000009e   Code   RO         1945    i.GPIO_Init         stm32f4xx_gpio.o
    0x080009cc   0x080009cc   0x00000022   Code   RO         1946    i.GPIO_PinAFConfig  stm32f4xx_gpio.o
    0x080009ee   0x080009ee   0x0000000e   Code   RO         1951    i.GPIO_ReadOutputDataBit  stm32f4xx_gpio.o
    0x080009fc   0x080009fc   0x00000004   Code   RO         1952    i.GPIO_ResetBits    stm32f4xx_gpio.o
    0x08000a00   0x08000a00   0x00000004   Code   RO         1953    i.GPIO_SetBits      stm32f4xx_gpio.o
    0x08000a04   0x08000a04   0x00000012   Code   RO         1954    i.GPIO_StructInit   stm32f4xx_gpio.o
    0x08000a16   0x08000a16   0x0000000a   Code   RO         1957    i.GPIO_WriteBit     stm32f4xx_gpio.o
    0x08000a20   0x08000a20   0x00000002   Code   RO         5094    i.HardFault_Handler  stm32f4xx_it.o
    0x08000a22   0x08000a22   0x00000002   Code   RO         5095    i.MemManage_Handler  stm32f4xx_it.o
    0x08000a24   0x08000a24   0x00000002   Code   RO         5096    i.NMI_Handler       stm32f4xx_it.o
    0x08000a26   0x08000a26   0x00000002   PAD
    0x08000a28   0x08000a28   0x00000074   Code   RO         5293    i.NVIC_Init         misc.o
    0x08000a9c   0x08000a9c   0x00000002   Code   RO         5097    i.PendSV_Handler    stm32f4xx_it.o
    0x08000a9e   0x08000a9e   0x00000002   PAD
    0x08000aa0   0x08000aa0   0x00000018   Code   RO         2886    i.RCC_AHB1PeriphClockCmd  stm32f4xx_rcc.o
    0x08000ab8   0x08000ab8   0x00000018   Code   RO         2895    i.RCC_APB1PeriphClockCmd  stm32f4xx_rcc.o
    0x08000ad0   0x08000ad0   0x00000018   Code   RO         2896    i.RCC_APB1PeriphClockLPModeCmd  stm32f4xx_rcc.o
    0x08000ae8   0x08000ae8   0x00000018   Code   RO         2897    i.RCC_APB1PeriphResetCmd  stm32f4xx_rcc.o
    0x08000b00   0x08000b00   0x00000018   Code   RO         2898    i.RCC_APB2PeriphClockCmd  stm32f4xx_rcc.o
    0x08000b18   0x08000b18   0x00000018   Code   RO         2900    i.RCC_APB2PeriphResetCmd  stm32f4xx_rcc.o
    0x08000b30   0x08000b30   0x000000a0   Code   RO         2907    i.RCC_GetClocksFreq  stm32f4xx_rcc.o
    0x08000bd0   0x08000bd0   0x00000012   Code   RO         4050    i.SPI_CalculateCRC  stm32f4xx_spi.o
    0x08000be2   0x08000be2   0x00000012   Code   RO         4051    i.SPI_Cmd           stm32f4xx_spi.o
    0x08000bf4   0x08000bf4   0x0000000e   Code   RO         4059    i.SPI_I2S_GetFlagStatus  stm32f4xx_spi.o
    0x08000c02   0x08000c02   0x00000004   Code   RO         4062    i.SPI_I2S_ReceiveData  stm32f4xx_spi.o
    0x08000c06   0x08000c06   0x00000004   Code   RO         4063    i.SPI_I2S_SendData  stm32f4xx_spi.o
    0x08000c0a   0x08000c0a   0x00000054   Code   RO         4064    i.SPI_Init          stm32f4xx_spi.o
    0x08000c5e   0x08000c5e   0x00000012   Code   RO         4066    i.SPI_SSOutputCmd   stm32f4xx_spi.o
    0x08000c70   0x08000c70   0x00000002   Code   RO         5098    i.SVC_Handler       stm32f4xx_it.o
    0x08000c72   0x08000c72   0x00000002   Code   RO         5099    i.SysTick_Handler   stm32f4xx_it.o
    0x08000c74   0x08000c74   0x00000084   Code   RO         5344    i.SystemCoreClockUpdate  system_stm32f4xx.o
    0x08000cf8   0x08000cf8   0x00000144   Code   RO         5345    i.SystemInit        system_stm32f4xx.o
    0x08000e3c   0x08000e3c   0x0000003c   Code   RO         5495    i.TIM3_IRQHandler   encoder.o
    0x08000e78   0x08000e78   0x00000030   Code   RO         5573    i.TIM4_IRQHandler   ticks.o
    0x08000ea8   0x08000ea8   0x00000204   Code   RO         6112    i.TIM7_IRQHandler   icm20602.o
    0x080010ac   0x080010ac   0x00000006   Code   RO         4287    i.TIM_ClearITPendingBit  stm32f4xx_tim.o
    0x080010b2   0x080010b2   0x00000012   Code   RO         4292    i.TIM_Cmd           stm32f4xx_tim.o
    0x080010c4   0x080010c4   0x000001b4   Code   RO         4297    i.TIM_DeInit        stm32f4xx_tim.o
    0x08001278   0x08001278   0x0000003c   Code   RO         4301    i.TIM_EncoderInterfaceConfig  stm32f4xx_tim.o
    0x080012b4   0x080012b4   0x00000016   Code   RO         4313    i.TIM_GetITStatus   stm32f4xx_tim.o
    0x080012ca   0x080012ca   0x00000010   Code   RO         4317    i.TIM_ITConfig      stm32f4xx_tim.o
    0x080012da   0x080012da   0x00000002   PAD
    0x080012dc   0x080012dc   0x00000080   Code   RO         4364    i.TIM_TimeBaseInit  stm32f4xx_tim.o
    0x0800135c   0x0800135c   0x00000064   Code   RO         5823    i.UART4_IRQHandler  uart.o
    0x080013c0   0x080013c0   0x00000060   Code   RO         5824    i.UART5_IRQHandler  uart.o
    0x08001420   0x08001420   0x00000060   Code   RO         5825    i.USART1_IRQHandler  uart.o
    0x08001480   0x08001480   0x00000064   Code   RO         5826    i.USART2_IRQHandler  uart.o
    0x080014e4   0x080014e4   0x00000064   Code   RO         5827    i.USART3_IRQHandler  uart.o
    0x08001548   0x08001548   0x00000064   Code   RO         5828    i.USART6_IRQHandler  uart.o
    0x080015ac   0x080015ac   0x0000000e   Code   RO         4829    i.USART_ClearITPendingBit  stm32f4xx_usart.o
    0x080015ba   0x080015ba   0x00000012   Code   RO         4832    i.USART_Cmd         stm32f4xx_usart.o
    0x080015cc   0x080015cc   0x0000000e   Code   RO         4835    i.USART_GetFlagStatus  stm32f4xx_usart.o
    0x080015da   0x080015da   0x00000042   Code   RO         4836    i.USART_GetITStatus  stm32f4xx_usart.o
    0x0800161c   0x0800161c   0x00000030   Code   RO         4838    i.USART_ITConfig    stm32f4xx_usart.o
    0x0800164c   0x0800164c   0x000000b8   Code   RO         4839    i.USART_Init        stm32f4xx_usart.o
    0x08001704   0x08001704   0x00000008   Code   RO         4846    i.USART_ReceiveData  stm32f4xx_usart.o
    0x0800170c   0x0800170c   0x00000002   Code   RO         5100    i.UsageFault_Handler  stm32f4xx_it.o
    0x0800170e   0x0800170e   0x00000002   PAD
    0x08001710   0x08001710   0x00000024   Code   RO         6786    i.__0vsprintf       mc_w.l(printfa.o)
    0x08001734   0x08001734   0x00000026   Code   RO         6815    i.__ARM_fpclassifyf  m_wm.l(fpclassifyf.o)
    0x0800175a   0x0800175a   0x00000002   PAD
    0x0800175c   0x0800175c   0x0000012c   Code   RO         6714    i.__hardfp_asinf    m_wm.l(asinf.o)
    0x08001888   0x08001888   0x00000250   Code   RO         6726    i.__hardfp_atan2f   m_wm.l(atan2f.o)
    0x08001ad8   0x08001ad8   0x00000006   Code   RO         6818    i.__mathlib_flt_infnan  m_wm.l(funder.o)
    0x08001ade   0x08001ade   0x00000006   Code   RO         6819    i.__mathlib_flt_infnan2  m_wm.l(funder.o)
    0x08001ae4   0x08001ae4   0x00000010   Code   RO         6820    i.__mathlib_flt_invalid  m_wm.l(funder.o)
    0x08001af4   0x08001af4   0x00000010   Code   RO         6823    i.__mathlib_flt_underflow  m_wm.l(funder.o)
    0x08001b04   0x08001b04   0x0000000e   Code   RO         6884    i.__scatterload_copy  mc_w.l(handlers.o)
    0x08001b12   0x08001b12   0x00000002   Code   RO         6885    i.__scatterload_null  mc_w.l(handlers.o)
    0x08001b14   0x08001b14   0x0000000e   Code   RO         6886    i.__scatterload_zeroinit  mc_w.l(handlers.o)
    0x08001b22   0x08001b22   0x00000002   PAD
    0x08001b24   0x08001b24   0x0000000c   Code   RO         6858    i.__set_errno       mc_w.l(errno.o)
    0x08001b30   0x08001b30   0x0000001a   Code   RO         5574    i._delay_ms         ticks.o
    0x08001b4a   0x08001b4a   0x00000002   PAD
    0x08001b4c   0x08001b4c   0x00000184   Code   RO         6787    i._fp_digits        mc_w.l(printfa.o)
    0x08001cd0   0x08001cd0   0x000006dc   Code   RO         6788    i._printf_core      mc_w.l(printfa.o)
    0x080023ac   0x080023ac   0x00000024   Code   RO         6789    i._printf_post_padding  mc_w.l(printfa.o)
    0x080023d0   0x080023d0   0x0000002e   Code   RO         6790    i._printf_pre_padding  mc_w.l(printfa.o)
    0x080023fe   0x080023fe   0x0000000a   Code   RO         6792    i._sputc            mc_w.l(printfa.o)
    0x08002408   0x08002408   0x00000078   Code   RO         5496    i.encoder_Init      encoder.o
    0x08002480   0x08002480   0x00000024   Code   RO         5497    i.encoder_accumulation_Init  encoder.o
    0x080024a4   0x080024a4   0x0000000c   Code   RO         6116    i.getGyro           icm20602.o
    0x080024b0   0x080024b0   0x00000098   Code   RO         5621    i.getPinSource      gpio.o
    0x08002548   0x08002548   0x0000000c   Code   RO         5501    i.getRawEncX        encoder.o
    0x08002554   0x08002554   0x0000000c   Code   RO         5502    i.getRawEncY        encoder.o
    0x08002560   0x08002560   0x000000d4   Code   RO         6121    i.get_gyro_from_quat  icm20602.o
    0x08002634   0x08002634   0x0000004a   Code   RO         5622    i.gpio_af_init      gpio.o
    0x0800267e   0x0800267e   0x00000034   Code   RO         5625    i.gpio_output_init  gpio.o
    0x080026b2   0x080026b2   0x00000002   PAD
    0x080026b4   0x080026b4   0x00000074   Code   RO         5626    i.gpio_rcc_init     gpio.o
    0x08002728   0x08002728   0x0000003e   Code   RO         5627    i.gpio_rcc_init_all  gpio.o
    0x08002766   0x08002766   0x00000020   Code   RO         5630    i.gpio_toggle       gpio.o
    0x08002786   0x08002786   0x00000002   PAD
    0x08002788   0x08002788   0x000000ac   Code   RO         6123    i.icm20602ReadRegister  icm20602.o
    0x08002834   0x08002834   0x00000084   Code   RO         6124    i.icm20602WriteRegister  icm20602.o
    0x080028b8   0x080028b8   0x00000098   Code   RO         6127    i.icm20602_config   icm20602.o
    0x08002950   0x08002950   0x00000098   Code   RO         6128    i.icm20602_gyro_update  icm20602.o
    0x080029e8   0x080029e8   0x0000013c   Code   RO         6129    i.icm20602_init     icm20602.o
    0x08002b24   0x08002b24   0x00000084   Code   RO         6131    i.icm20602_read_gyro_raw  icm20602.o
    0x08002ba8   0x08002ba8   0x00000070   Code   RO         6133    i.imu_filter_reset  icm20602.o
    0x08002c18   0x08002c18   0x00000010   Code   RO         6071    i.led_blink         led.o
    0x08002c28   0x08002c28   0x00000028   Code   RO         6073    i.led_init          led.o
    0x08002c50   0x08002c50   0x00000214   Code   RO         6136    i.madgwick_filter_update  icm20602.o
    0x08002e64   0x08002e64   0x0000007c   Code   RO         5387    i.main              main.o
    0x08002ee0   0x08002ee0   0x0000000a   Code   RO         6463    i.position_uart_init  positioning.o
    0x08002eea   0x08002eea   0x00000002   PAD
    0x08002eec   0x08002eec   0x000001d4   Code   RO         6464    i.position_update   positioning.o
    0x080030c0   0x080030c0   0x00000030   Code   RO         6137    i.reset_IMU         icm20602.o
    0x080030f0   0x080030f0   0x0000003e   Code   RO         6764    i.sqrtf             m_wm.l(sqrtf.o)
    0x0800312e   0x0800312e   0x00000002   PAD
    0x08003130   0x08003130   0x00000070   Code   RO         5576    i.ticks_init        ticks.o
    0x080031a0   0x080031a0   0x000000c0   Code   RO         5830    i.uart_init         uart.o
    0x08003260   0x08003260   0x0000005c   Code   RO         5836    i.uart_tx_blocking  uart.o
    0x080032bc   0x080032bc   0x00000078   Code   RO         5837    i.uart_tx_dequeue   uart.o
    0x08003334   0x08003334   0x00000028   Data   RO         5503    .constdata          encoder.o
    0x0800335c   0x0800335c   0x00000008   Data   RO         5632    .constdata          gpio.o
    0x08003364   0x08003364   0x00000008   Data   RO         5633    .constdata          gpio.o
    0x0800336c   0x0800336c   0x00000008   Data   RO         5634    .constdata          gpio.o
    0x08003374   0x08003374   0x00000008   Data   RO         5635    .constdata          gpio.o
    0x0800337c   0x0800337c   0x00000008   Data   RO         5640    .constdata          gpio.o
    0x08003384   0x08003384   0x00000008   Data   RO         5647    .constdata          gpio.o
    0x0800338c   0x0800338c   0x00000008   Data   RO         5651    .constdata          gpio.o
    0x08003394   0x08003394   0x00000008   Data   RO         5653    .constdata          gpio.o
    0x0800339c   0x0800339c   0x00000008   Data   RO         5654    .constdata          gpio.o
    0x080033a4   0x080033a4   0x00000008   Data   RO         5655    .constdata          gpio.o
    0x080033ac   0x080033ac   0x00000008   Data   RO         5658    .constdata          gpio.o
    0x080033b4   0x080033b4   0x00000008   Data   RO         5659    .constdata          gpio.o
    0x080033bc   0x080033bc   0x00000008   Data   RO         5676    .constdata          gpio.o
    0x080033c4   0x080033c4   0x00000008   Data   RO         5682    .constdata          gpio.o
    0x080033cc   0x080033cc   0x00000008   Data   RO         5737    .constdata          gpio.o
    0x080033d4   0x080033d4   0x00000008   Data   RO         5742    .constdata          gpio.o
    0x080033dc   0x080033dc   0x00000078   Data   RO         5845    .constdata          uart.o
    0x08003454   0x08003454   0x00000010   Data   RO         6143    .constdata          icm20602.o
    0x08003464   0x08003464   0x00000410   Data   RO         6592    .constdata          arm_cortexM4lf_math.lib(arm_cos_f32.o)
    0x08003874   0x08003874   0x0000040c   Data   RO         6661    .constdata          arm_cortexM4lf_math.lib(arm_sin_f32.o)
    0x08003c80   0x08003c80   0x00000020   Data   RO         6882    Region$$Table       anon$$obj.o


    Execution Region RW_IRAM1 (Exec base: 0x20000000, Load base: 0x08003ca0, Size: 0x00000e28, Max: 0x00020000, ABSOLUTE, COMPRESSED[0x00000058])

    Exec Addr    Load Addr    Size         Type   Attr      Idx    E Section Name        Object

    0x20000000   COMPRESSED   0x00000010   Data   RW         2939    .data               stm32f4xx_rcc.o
    0x20000010   COMPRESSED   0x00000018   Data   RW         5346    .data               system_stm32f4xx.o
    0x20000028   COMPRESSED   0x00000010   Data   RW         5388    .data               main.o
    0x20000038   COMPRESSED   0x00000010   Data   RW         5505    .data               encoder.o
    0x20000048   COMPRESSED   0x00000004   Data   RW         5577    .data               ticks.o
    0x2000004c   COMPRESSED   0x00000048   Data   RW         5846    .data               uart.o
    0x20000094   COMPRESSED   0x00000008   Data   RW         6074    .data               led.o
    0x2000009c   COMPRESSED   0x000000a0   Data   RW         6144    .data               icm20602.o
    0x2000013c   COMPRESSED   0x00000054   Data   RW         6471    .data               positioning.o
    0x20000190   COMPRESSED   0x00000004   Data   RW         6859    .data               mc_w.l(errno.o)
    0x20000194        -       0x00000040   Zero   RW         5838    .bss                uart.o
    0x200001d4        -       0x00000300   Zero   RW         5839    .bss                uart.o
    0x200004d4        -       0x00000040   Zero   RW         5840    .bss                uart.o
    0x20000514        -       0x00000040   Zero   RW         5841    .bss                uart.o
    0x20000554        -       0x00000040   Zero   RW         5842    .bss                uart.o
    0x20000594        -       0x00000040   Zero   RW         5843    .bss                uart.o
    0x200005d4        -       0x00000018   Zero   RW         5844    .bss                uart.o
    0x200005ec        -       0x00000038   Zero   RW         6140    .bss                icm20602.o
    0x20000624   COMPRESSED   0x00000004   PAD
    0x20000628        -       0x00000800   Zero   RW         5377    STACK               startup_stm32f40_41xxx.o


==============================================================================

Image component sizes


      Code (inc. data)   RO Data    RW Data    ZI Data      Debug   Object Name

       240         32         40         16          0       7104   encoder.o
       488          4        128          0          0       7809   gpio.o
      2488        182         16        160         56     295440   icm20602.o
        56         10          0          8          0       1703   led.o
       124          8          0         16          0        922   main.o
       116          6          0          0          0       3044   misc.o
       478         34          0         84          0       2892   positioning.o
        36          8        392          0       2048        912   startup_stm32f40_41xxx.o
         0          0          0          0          0     250612   stm32f4xx_adc.o
       242          0          0          0          0      12394   stm32f4xx_gpio.o
        18          0          0          0          0      26504   stm32f4xx_it.o
       304         52          0         16          0      22772   stm32f4xx_rcc.o
       160          0          0          0          0      13539   stm32f4xx_spi.o
       686          8          0          0          0      27419   stm32f4xx_tim.o
       352          4          0          0          0      12270   stm32f4xx_usart.o
       456         66          0         24          0       2359   system_stm32f4xx.o
       186         20          0          4          0       2125   ticks.o
       996         88        120         72       1112       8879   uart.o

    ----------------------------------------------------------------------
      7442        522        728        400       3220     698699   Object Totals
         0          0         32          0          0          0   (incl. Generated)
        16          0          0          0          4          0   (incl. Padding)

    ----------------------------------------------------------------------

      Code (inc. data)   RO Data    RW Data    ZI Data      Debug   Library Member Name

       216         22       1040          0          0      15794   arm_cos_f32.o
       216         22       1036          0          0       1486   arm_sin_f32.o
       300         42          0          0          0        176   asinf.o
       592         90          0          0          0        184   atan2f.o
        38          0          0          0          0        116   fpclassifyf.o
        44         12          0          0          0        464   funder.o
        62          0          0          0          0        136   sqrtf.o
        86          0          0          0          0          0   __dczerorl2.o
         0          0          0          0          0          0   entry.o
         0          0          0          0          0          0   entry10a.o
         0          0          0          0          0          0   entry11a.o
         8          4          0          0          0          0   entry2.o
         4          0          0          0          0          0   entry5.o
         0          0          0          0          0          0   entry7b.o
         0          0          0          0          0          0   entry8b.o
         8          4          0          0          0          0   entry9a.o
        12          6          0          4          0         68   errno.o
        30          0          0          0          0          0   handlers.o
        36          8          0          0          0         68   init.o
         0          0          0          0          0          0   iusefp.o
        30          0          0          0          0         68   llshl.o
        36          0          0          0          0         68   llsshr.o
        32          0          0          0          0         68   llushr.o
      2272         86          0          0          0        516   printfa.o
        44          0          0          0          0         80   uidiv.o
        98          0          0          0          0         92   uldiv.o
        48          0          0          0          0         68   cdrcmple.o
       334          0          0          0          0        148   dadd.o
       222          0          0          0          0        100   ddiv.o
       186          0          0          0          0        176   depilogue.o
        48          0          0          0          0         68   dfixul.o
       228          0          0          0          0         96   dmul.o
        38          0          0          0          0         68   f2d.o

    ----------------------------------------------------------------------
      5274        296       2076          4          0      20108   Library Totals
         6          0          0          0          0          0   (incl. Padding)

    ----------------------------------------------------------------------

      Code (inc. data)   RO Data    RW Data    ZI Data      Debug   Library Name

       432         44       2076          0          0      17280   arm_cortexM4lf_math.lib
      1036        144          0          0          0       1076   m_wm.l
      2696        108          0          4          0       1028   mc_w.l
      1104          0          0          0          0        724   mf_w.l

    ----------------------------------------------------------------------
      5274        296       2076          4          0      20108   Library Totals

    ----------------------------------------------------------------------

==============================================================================


      Code (inc. data)   RO Data    RW Data    ZI Data      Debug   

     12716        818       2804        404       3220     709759   Grand Totals
     12716        818       2804         88       3220     709759   ELF Image Totals (compressed)
     12716        818       2804         88          0          0   ROM Totals

==============================================================================

    Total RO  Size (Code + RO Data)                15520 (  15.16kB)
    Total RW  Size (RW Data + ZI Data)              3624 (   3.54kB)
    Total ROM Size (Code + RO Data + RW Data)      15608 (  15.24kB)

==============================================================================

